Feb  4 13:04:51 cu-cs-vm anacron[814]: Job `cron.daily' terminated
Feb  4 13:04:51 cu-cs-vm anacron[814]: Normal exit (1 job run)
Feb  4 13:09:34 cu-cs-vm uptimed: moving up to position 15: 0 days, 00:10:09
Feb  4 13:13:38 cu-cs-vm dhclient[986]: DHCPREQUEST of 192.168.216.128 on ens33 to 192.168.216.254 port 67 (xid=0x4ebbc246)
Feb  4 13:13:38 cu-cs-vm dhclient[986]: DHCPACK of 192.168.216.128 from 192.168.216.254
Feb  4 13:13:38 cu-cs-vm NetworkManager[788]: <info>  [1517775218.8367]   address 192.168.216.128
Feb  4 13:13:38 cu-cs-vm NetworkManager[788]: <info>  [1517775218.8368]   plen 24 (255.255.255.0)
Feb  4 13:13:38 cu-cs-vm NetworkManager[788]: <info>  [1517775218.8369]   gateway 192.168.216.2
Feb  4 13:13:38 cu-cs-vm NetworkManager[788]: <info>  [1517775218.8369]   server identifier 192.168.216.254
Feb  4 13:13:38 cu-cs-vm NetworkManager[788]: <info>  [1517775218.8370]   lease time 1800
Feb  4 13:13:38 cu-cs-vm NetworkManager[788]: <info>  [1517775218.8370]   nameserver '192.168.216.2'
Feb  4 13:13:38 cu-cs-vm NetworkManager[788]: <info>  [1517775218.8370]   domain name 'localdomain'
Feb  4 13:13:38 cu-cs-vm NetworkManager[788]: <info>  [1517775218.8371]   wins '192.168.216.2'
Feb  4 13:13:38 cu-cs-vm NetworkManager[788]: <info>  [1517775218.8371] dhcp4 (ens33): state changed bound -> bound
Feb  4 13:13:38 cu-cs-vm systemd[1]: Starting Network Manager Script Dispatcher Service...
Feb  4 13:13:38 cu-cs-vm dbus[766]: [system] Activating via systemd: service name='org.freedesktop.nm_dispatcher' unit='dbus-org.freedesktop.nm-dispatcher.service'
Feb  4 13:13:38 cu-cs-vm dhclient[986]: bound to 192.168.216.128 -- renewal in 900 seconds.
Feb  4 13:13:38 cu-cs-vm dbus[766]: [system] Successfully activated service 'org.freedesktop.nm_dispatcher'
Feb  4 13:13:38 cu-cs-vm systemd[1]: Started Network Manager Script Dispatcher Service.
Feb  4 13:13:38 cu-cs-vm nm-dispatcher: req:1 'dhcp4-change' [ens33]: new request (1 scripts)
Feb  4 13:13:38 cu-cs-vm nm-dispatcher: req:1 'dhcp4-change' [ens33]: start running ordered scripts...
Feb  4 13:14:26 cu-cs-vm systemd[1]: Starting Cleanup of Temporary Directories...
Feb  4 13:14:26 cu-cs-vm systemd-tmpfiles[2092]: [/usr/lib/tmpfiles.d/var.conf:14] Duplicate line for path "/var/log", ignoring.
Feb  4 13:14:26 cu-cs-vm systemd[1]: Started Cleanup of Temporary Directories.
Feb  4 13:17:01 cu-cs-vm CRON[2133]: (root) CMD (   cd / && run-parts --report /etc/cron.hourly)
Feb  4 13:18:13 cu-cs-vm systemd[1]: Started Daily apt download activities.
Feb  4 13:18:13 cu-cs-vm systemd[1]: Starting Daily apt upgrade and clean activities...
Feb  4 13:19:34 cu-cs-vm uptimed: moving up to position 8: 0 days, 00:20:09
Feb  4 13:24:46 cu-cs-vm kernel: [ 1519.981090] hello world!
Feb  4 13:24:46 cu-cs-vm kernel: [ 1519.981578] 10+20=30 stored at 00007ffd8256849c
Feb  4 13:26:15 cu-cs-vm systemd[1]: Stopping Disk Manager...
Feb  4 13:26:15 cu-cs-vm systemd[1]: Stopping Daemon for power management...
Feb  4 13:26:15 cu-cs-vm dbus[766]: [system] Activating via systemd: service name='org.freedesktop.UPower' unit='upower.service'
Feb  4 13:26:15 cu-cs-vm systemd[1]: Stopped target Timers.
Feb  4 13:26:15 cu-cs-vm systemd[1]: Stopped Timer to automatically refresh installed snaps.
Feb  4 13:26:15 cu-cs-vm systemd[1]: Stopping User Manager for UID 1000...
Feb  4 13:26:15 cu-cs-vm systemd[1]: Closed Load/Save RF Kill Switch Status /dev/rfkill Watch.
Feb  4 13:26:15 cu-cs-vm systemd[1]: Stopping ACPI event daemon...
Feb  4 13:26:15 cu-cs-vm systemd[1019]: Stopped target Default.
Feb  4 13:26:15 cu-cs-vm systemd[1019]: Reached target Shutdown.
Feb  4 13:26:15 cu-cs-vm systemd[1019]: Starting Exit the Session...
Feb  4 13:26:15 cu-cs-vm systemd[1019]: Stopped target Basic System.
Feb  4 13:26:15 cu-cs-vm systemd[1019]: Stopped target Timers.
Feb  4 13:26:15 cu-cs-vm systemd[1019]: Stopped target Paths.
Feb  4 13:26:15 cu-cs-vm systemd[1019]: Stopped target Sockets.
Feb  4 13:26:15 cu-cs-vm obexd[1656]: Terminating
Feb  4 13:26:15 cu-cs-vm systemd[1]: Stopping Session c1 of user user.
Feb  4 13:26:15 cu-cs-vm systemd[1]: Stopping Authenticate and Authorize Users to Run Privileged Tasks...
Feb  4 13:04:35 cu-cs-vm rsyslogd: [origin software="rsyslogd" swVersion="8.16.0" x-pid="815" x-info="http://www.rsyslog.com"] rsyslogd was HUPed
Feb  4 13:26:15 cu-cs-vm rsyslogd: [origin software="rsyslogd" swVersion="8.16.0" x-pid="815" x-info="http://www.rsyslog.com"] exiting on signal 15.
Feb  4 16:40:09 cu-cs-vm rsyslogd: [origin software="rsyslogd" swVersion="8.16.0" x-pid="829" x-info="http://www.rsyslog.com"] start
Feb  4 16:40:09 cu-cs-vm rsyslogd-2222: command 'KLogPermitNonKernelFacility' is currently not permitted - did you already set it via a RainerScript command (v6+ config)? [v8.16.0 try http://www.rsyslog.com/e/2222 ]
Feb  4 16:40:09 cu-cs-vm rsyslogd: rsyslogd's groupid changed to 108
Feb  4 16:40:09 cu-cs-vm rsyslogd: rsyslogd's userid changed to 104
Feb  4 16:40:09 cu-cs-vm rsyslogd-2039: Could not open output pipe '/dev/xconsole':: No such file or directory [v8.16.0 try http://www.rsyslog.com/e/2039 ]
Feb  4 16:40:09 cu-cs-vm rsyslogd-2007: action 'action 10' suspended, next retry is Sun Feb  4 16:40:39 2018 [v8.16.0 try http://www.rsyslog.com/e/2007 ]
Feb  4 16:40:09 cu-cs-vm kernel: [    0.000000] random: get_random_bytes called from start_kernel+0x42/0x504 with crng_init=0
Feb  4 16:40:09 cu-cs-vm kernel: [    0.000000] Linux version 4.13.13popcorn1 (root@cu-cs-vm) (gcc version 5.4.0 20160609 (Ubuntu 5.4.0-6ubuntu1~16.04.5)) #7 SMP Fri Feb 2 17:49:27 MST 2018 (Ubuntu 4.13.0-32.35~16.04.1-generic 4.13.13)
Feb  4 16:40:09 cu-cs-vm kernel: [    0.000000] Command line: BOOT_IMAGE=/@/boot/vmlinuz-4.13.13popcorn1 root=UUID=bb1213fd-aa15-420b-8d34-682b907abadc ro rootflags=subvol=@ crashkernel=384M-2G:128M,2G-:256M
Feb  4 16:40:09 cu-cs-vm kernel: [    0.000000] KERNEL supported cpus:
Feb  4 16:40:09 cu-cs-vm kernel: [    0.000000]   Intel GenuineIntel
Feb  4 16:40:09 cu-cs-vm kernel: [    0.000000]   AMD AuthenticAMD
Feb  4 16:40:09 cu-cs-vm kernel: [    0.000000]   Centaur CentaurHauls
Feb  4 16:40:09 cu-cs-vm kernel: [    0.000000] Disabled fast string operations
Feb  4 16:40:09 cu-cs-vm kernel: [    0.000000] x86/fpu: Supporting XSAVE feature 0x001: 'x87 floating point registers'
Feb  4 16:40:09 cu-cs-vm kernel: [    0.000000] x86/fpu: Supporting XSAVE feature 0x002: 'SSE registers'
Feb  4 16:40:09 cu-cs-vm kernel: [    0.000000] x86/fpu: Supporting XSAVE feature 0x004: 'AVX registers'
Feb  4 16:40:09 cu-cs-vm kernel: [    0.000000] x86/fpu: xstate_offset[2]:  576, xstate_sizes[2]:  256
Feb  4 16:40:09 cu-cs-vm kernel: [    0.000000] x86/fpu: Enabled xstate features 0x7, context size is 832 bytes, using 'standard' format.
Feb  4 16:40:09 cu-cs-vm kernel: [    0.000000] e820: BIOS-provided physical RAM map:
Feb  4 16:40:09 cu-cs-vm kernel: [    0.000000] BIOS-e820: [mem 0x0000000000000000-0x000000000009e7ff] usable
Feb  4 16:40:09 cu-cs-vm kernel: [    0.000000] BIOS-e820: [mem 0x000000000009e800-0x000000000009ffff] reserved
Feb  4 16:40:09 cu-cs-vm kernel: [    0.000000] BIOS-e820: [mem 0x00000000000dc000-0x00000000000fffff] reserved
Feb  4 16:40:09 cu-cs-vm kernel: [    0.000000] BIOS-e820: [mem 0x0000000000100000-0x000000007fedffff] usable
Feb  4 16:40:09 cu-cs-vm kernel: [    0.000000] BIOS-e820: [mem 0x000000007fee0000-0x000000007fefefff] ACPI data
Feb  4 16:40:09 cu-cs-vm kernel: [    0.000000] BIOS-e820: [mem 0x000000007feff000-0x000000007fefffff] ACPI NVS
Feb  4 16:40:09 cu-cs-vm kernel: [    0.000000] BIOS-e820: [mem 0x000000007ff00000-0x000000007fffffff] usable
Feb  4 16:40:09 cu-cs-vm kernel: [    0.000000] BIOS-e820: [mem 0x00000000f0000000-0x00000000f7ffffff] reserved
Feb  4 16:40:09 cu-cs-vm kernel: [    0.000000] BIOS-e820: [mem 0x00000000fec00000-0x00000000fec0ffff] reserved
Feb  4 16:40:09 cu-cs-vm kernel: [    0.000000] BIOS-e820: [mem 0x00000000fee00000-0x00000000fee00fff] reserved
Feb  4 16:40:09 cu-cs-vm kernel: [    0.000000] BIOS-e820: [mem 0x00000000fffe0000-0x00000000ffffffff] reserved
Feb  4 16:40:09 cu-cs-vm kernel: [    0.000000] NX (Execute Disable) protection: active
Feb  4 16:40:09 cu-cs-vm kernel: [    0.000000] random: fast init done
Feb  4 16:40:09 cu-cs-vm kernel: [    0.000000] SMBIOS 2.7 present.
Feb  4 16:40:09 cu-cs-vm kernel: [    0.000000] DMI: VMware, Inc. VMware Virtual Platform/440BX Desktop Reference Platform, BIOS 6.00 05/19/2017
Feb  4 16:40:09 cu-cs-vm kernel: [    0.000000] Hypervisor detected: VMware
Feb  4 16:40:09 cu-cs-vm kernel: [    0.000000] vmware: TSC freq read from hypervisor : 1696.151 MHz
Feb  4 16:40:09 cu-cs-vm kernel: [    0.000000] vmware: Host bus clock speed read from hypervisor : 66000000 Hz
Feb  4 16:40:09 cu-cs-vm kernel: [    0.000000] vmware: using sched offset of 12436584736 ns
Feb  4 16:40:09 cu-cs-vm kernel: [    0.000000] e820: update [mem 0x00000000-0x00000fff] usable ==> reserved
Feb  4 16:40:09 cu-cs-vm kernel: [    0.000000] e820: remove [mem 0x000a0000-0x000fffff] usable
Feb  4 16:40:09 cu-cs-vm kernel: [    0.000000] e820: last_pfn = 0x80000 max_arch_pfn = 0x400000000
Feb  4 16:40:09 cu-cs-vm kernel: [    0.000000] MTRR default type: uncachable
Feb  4 16:40:09 cu-cs-vm kernel: [    0.000000] MTRR fixed ranges enabled:
Feb  4 16:40:09 cu-cs-vm kernel: [    0.000000]   00000-9FFFF write-back
Feb  4 16:40:09 cu-cs-vm kernel: [    0.000000]   A0000-BFFFF uncachable
Feb  4 16:40:09 cu-cs-vm kernel: [    0.000000]   C0000-CBFFF write-protect
Feb  4 16:40:09 cu-cs-vm kernel: [    0.000000]   CC000-EFFFF uncachable
Feb  4 16:40:09 cu-cs-vm kernel: [    0.000000]   F0000-FFFFF write-protect
Feb  4 16:40:09 cu-cs-vm kernel: [    0.000000] MTRR variable ranges enabled:
Feb  4 16:40:09 cu-cs-vm kernel: [    0.000000]   0 base 000C0000000 mask 3FFC0000000 uncachable
Feb  4 16:40:09 cu-cs-vm kernel: [    0.000000]   1 base 00000000000 mask 3FF00000000 write-back
Feb  4 16:40:09 cu-cs-vm kernel: [    0.000000]   2 disabled
Feb  4 16:40:09 cu-cs-vm kernel: [    0.000000]   3 disabled
Feb  4 16:40:09 cu-cs-vm kernel: [    0.000000]   4 disabled
Feb  4 16:40:09 cu-cs-vm kernel: [    0.000000]   5 disabled
Feb  4 16:40:09 cu-cs-vm kernel: [    0.000000]   6 disabled
Feb  4 16:40:09 cu-cs-vm kernel: [    0.000000]   7 disabled
Feb  4 16:40:09 cu-cs-vm kernel: [    0.000000] x86/PAT: Configuration [0-7]: WB  WC  UC- UC  WB  WC  UC- WT  
Feb  4 16:40:09 cu-cs-vm kernel: [    0.000000] total RAM covered: 3072M
Feb  4 16:40:09 cu-cs-vm kernel: [    0.000000] Found optimal setting for mtrr clean up
Feb  4 16:40:09 cu-cs-vm kernel: [    0.000000]  gran_size: 64K 	chunk_size: 64K 	num_reg: 2  	lose cover RAM: 0G
Feb  4 16:40:09 cu-cs-vm kernel: [    0.000000] found SMP MP-table at [mem 0x000f6a80-0x000f6a8f] mapped at [ffff98dec00f6a80]
Feb  4 16:40:09 cu-cs-vm kernel: [    0.000000] Scanning 1 areas for low memory corruption
Feb  4 16:40:09 cu-cs-vm kernel: [    0.000000] Base memory trampoline at [ffff98dec0098000] 98000 size 24576
Feb  4 16:40:09 cu-cs-vm kernel: [    0.000000] BRK [0x39f0a000, 0x39f0afff] PGTABLE
Feb  4 16:40:09 cu-cs-vm kernel: [    0.000000] BRK [0x39f0b000, 0x39f0bfff] PGTABLE
Feb  4 16:40:09 cu-cs-vm kernel: [    0.000000] BRK [0x39f0c000, 0x39f0cfff] PGTABLE
Feb  4 16:40:09 cu-cs-vm kernel: [    0.000000] BRK [0x39f0d000, 0x39f0dfff] PGTABLE
Feb  4 16:40:09 cu-cs-vm kernel: [    0.000000] BRK [0x39f0e000, 0x39f0efff] PGTABLE
Feb  4 16:40:09 cu-cs-vm kernel: [    0.000000] BRK [0x39f0f000, 0x39f0ffff] PGTABLE
Feb  4 16:40:09 cu-cs-vm kernel: [    0.000000] RAMDISK: [mem 0x3467c000-0x36335fff]
Feb  4 16:40:09 cu-cs-vm kernel: [    0.000000] ACPI: Early table checksum verification disabled
Feb  4 16:40:09 cu-cs-vm kernel: [    0.000000] ACPI: RSDP 0x00000000000F6A10 000024 (v02 PTLTD )
Feb  4 16:40:09 cu-cs-vm kernel: [    0.000000] ACPI: XSDT 0x000000007FEEA69F 000054 (v01 INTEL  440BX    06040000 VMW  01324272)
Feb  4 16:40:09 cu-cs-vm kernel: [    0.000000] ACPI: FACP 0x000000007FEFEE73 0000F4 (v04 INTEL  440BX    06040000 PTL  000F4240)
Feb  4 16:40:09 cu-cs-vm kernel: [    0.000000] ACPI: DSDT 0x000000007FEEBE8F 012FE4 (v01 PTLTD  Custom   06040000 MSFT 03000001)
Feb  4 16:40:09 cu-cs-vm kernel: [    0.000000] ACPI: FACS 0x000000007FEFFFC0 000040
Feb  4 16:40:09 cu-cs-vm kernel: [    0.000000] ACPI: FACS 0x000000007FEFFFC0 000040
Feb  4 16:40:09 cu-cs-vm kernel: [    0.000000] ACPI: BOOT 0x000000007FEEBE67 000028 (v01 PTLTD  $SBFTBL$ 06040000  LTP 00000001)
Feb  4 16:40:09 cu-cs-vm kernel: [    0.000000] ACPI: APIC 0x000000007FEEB725 000742 (v01 PTLTD  ? APIC   06040000  LTP 00000000)
Feb  4 16:40:09 cu-cs-vm kernel: [    0.000000] ACPI: MCFG 0x000000007FEEB6E9 00003C (v01 PTLTD  $PCITBL$ 06040000  LTP 00000001)
Feb  4 16:40:09 cu-cs-vm kernel: [    0.000000] ACPI: SRAT 0x000000007FEEA757 0008A8 (v02 VMWARE MEMPLUG  06040000 VMW  00000001)
Feb  4 16:40:09 cu-cs-vm kernel: [    0.000000] ACPI: WAET 0x000000007FEEA72F 000028 (v01 VMWARE VMW WAET 06040000 VMW  00000001)
Feb  4 16:40:09 cu-cs-vm kernel: [    0.000000] ACPI: Local APIC address 0xfee00000
Feb  4 16:40:09 cu-cs-vm kernel: [    0.000000] system APIC only can use physical flat
Feb  4 16:40:09 cu-cs-vm kernel: [    0.000000] Setting APIC routing to physical flat.
Feb  4 16:40:09 cu-cs-vm kernel: [    0.000000] SRAT: PXM 0 -> APIC 0x00 -> Node 0
Feb  4 16:40:09 cu-cs-vm kernel: [    0.000000] SRAT: PXM 0 -> APIC 0x02 -> Node 0
Feb  4 16:40:09 cu-cs-vm kernel: [    0.000000] SRAT: PXM 0 -> APIC 0x04 -> Node 0
Feb  4 16:40:09 cu-cs-vm kernel: [    0.000000] SRAT: PXM 0 -> APIC 0x06 -> Node 0
Feb  4 16:40:09 cu-cs-vm kernel: [    0.000000] SRAT: PXM 0 -> APIC 0x08 -> Node 0
Feb  4 16:40:09 cu-cs-vm kernel: [    0.000000] SRAT: PXM 0 -> APIC 0x0a -> Node 0
Feb  4 16:40:09 cu-cs-vm kernel: [    0.000000] SRAT: PXM 0 -> APIC 0x0c -> Node 0
Feb  4 16:40:09 cu-cs-vm kernel: [    0.000000] SRAT: PXM 0 -> APIC 0x0e -> Node 0
Feb  4 16:40:09 cu-cs-vm kernel: [    0.000000] SRAT: PXM 0 -> APIC 0x10 -> Node 0
Feb  4 16:40:09 cu-cs-vm kernel: [    0.000000] SRAT: PXM 0 -> APIC 0x12 -> Node 0
Feb  4 16:40:09 cu-cs-vm kernel: [    0.000000] SRAT: PXM 0 -> APIC 0x14 -> Node 0
Feb  4 16:40:09 cu-cs-vm kernel: [    0.000000] SRAT: PXM 0 -> APIC 0x16 -> Node 0
Feb  4 16:40:09 cu-cs-vm kernel: [    0.000000] SRAT: PXM 0 -> APIC 0x18 -> Node 0
Feb  4 16:40:09 cu-cs-vm kernel: [    0.000000] SRAT: PXM 0 -> APIC 0x1a -> Node 0
Feb  4 16:40:09 cu-cs-vm kernel: [    0.000000] SRAT: PXM 0 -> APIC 0x1c -> Node 0
Feb  4 16:40:09 cu-cs-vm kernel: [    0.000000] SRAT: PXM 0 -> APIC 0x1e -> Node 0
Feb  4 16:40:09 cu-cs-vm kernel: [    0.000000] SRAT: PXM 0 -> APIC 0x20 -> Node 0
Feb  4 16:40:09 cu-cs-vm kernel: [    0.000000] SRAT: PXM 0 -> APIC 0x22 -> Node 0
Feb  4 16:40:09 cu-cs-vm kernel: [    0.000000] SRAT: PXM 0 -> APIC 0x24 -> Node 0
Feb  4 16:40:09 cu-cs-vm kernel: [    0.000000] SRAT: PXM 0 -> APIC 0x26 -> Node 0
Feb  4 16:40:09 cu-cs-vm kernel: [    0.000000] SRAT: PXM 0 -> APIC 0x28 -> Node 0
Feb  4 16:40:09 cu-cs-vm kernel: [    0.000000] SRAT: PXM 0 -> APIC 0x2a -> Node 0
Feb  4 16:40:09 cu-cs-vm kernel: [    0.000000] SRAT: PXM 0 -> APIC 0x2c -> Node 0
Feb  4 16:40:09 cu-cs-vm kernel: [    0.000000] SRAT: PXM 0 -> APIC 0x2e -> Node 0
Feb  4 16:40:09 cu-cs-vm kernel: [    0.000000] SRAT: PXM 0 -> APIC 0x30 -> Node 0
Feb  4 16:40:09 cu-cs-vm kernel: [    0.000000] SRAT: PXM 0 -> APIC 0x32 -> Node 0
Feb  4 16:40:09 cu-cs-vm kernel: [    0.000000] SRAT: PXM 0 -> APIC 0x34 -> Node 0
Feb  4 16:40:09 cu-cs-vm kernel: [    0.000000] SRAT: PXM 0 -> APIC 0x36 -> Node 0
Feb  4 16:40:09 cu-cs-vm kernel: [    0.000000] SRAT: PXM 0 -> APIC 0x38 -> Node 0
Feb  4 16:40:09 cu-cs-vm kernel: [    0.000000] SRAT: PXM 0 -> APIC 0x3a -> Node 0
Feb  4 16:40:09 cu-cs-vm kernel: [    0.000000] SRAT: PXM 0 -> APIC 0x3c -> Node 0
Feb  4 16:40:09 cu-cs-vm kernel: [    0.000000] SRAT: PXM 0 -> APIC 0x3e -> Node 0
Feb  4 16:40:09 cu-cs-vm kernel: [    0.000000] SRAT: PXM 0 -> APIC 0x40 -> Node 0
Feb  4 16:40:09 cu-cs-vm kernel: [    0.000000] SRAT: PXM 0 -> APIC 0x42 -> Node 0
Feb  4 16:40:09 cu-cs-vm kernel: [    0.000000] SRAT: PXM 0 -> APIC 0x44 -> Node 0
Feb  4 16:40:09 cu-cs-vm kernel: [    0.000000] SRAT: PXM 0 -> APIC 0x46 -> Node 0
Feb  4 16:40:09 cu-cs-vm kernel: [    0.000000] SRAT: PXM 0 -> APIC 0x48 -> Node 0
Feb  4 16:40:09 cu-cs-vm kernel: [    0.000000] SRAT: PXM 0 -> APIC 0x4a -> Node 0
Feb  4 16:40:09 cu-cs-vm kernel: [    0.000000] SRAT: PXM 0 -> APIC 0x4c -> Node 0
Feb  4 16:40:09 cu-cs-vm kernel: [    0.000000] SRAT: PXM 0 -> APIC 0x4e -> Node 0
Feb  4 16:40:09 cu-cs-vm kernel: [    0.000000] SRAT: PXM 0 -> APIC 0x50 -> Node 0
Feb  4 16:40:09 cu-cs-vm kernel: [    0.000000] SRAT: PXM 0 -> APIC 0x52 -> Node 0
Feb  4 16:40:09 cu-cs-vm kernel: [    0.000000] SRAT: PXM 0 -> APIC 0x54 -> Node 0
Feb  4 16:40:09 cu-cs-vm kernel: [    0.000000] SRAT: PXM 0 -> APIC 0x56 -> Node 0
Feb  4 16:40:09 cu-cs-vm kernel: [    0.000000] SRAT: PXM 0 -> APIC 0x58 -> Node 0
Feb  4 16:40:09 cu-cs-vm kernel: [    0.000000] SRAT: PXM 0 -> APIC 0x5a -> Node 0
Feb  4 16:40:09 cu-cs-vm kernel: [    0.000000] SRAT: PXM 0 -> APIC 0x5c -> Node 0
Feb  4 16:40:09 cu-cs-vm kernel: [    0.000000] SRAT: PXM 0 -> APIC 0x5e -> Node 0
Feb  4 16:40:09 cu-cs-vm kernel: [    0.000000] SRAT: PXM 0 -> APIC 0x60 -> Node 0
Feb  4 16:40:09 cu-cs-vm kernel: [    0.000000] SRAT: PXM 0 -> APIC 0x62 -> Node 0
Feb  4 16:40:09 cu-cs-vm kernel: [    0.000000] SRAT: PXM 0 -> APIC 0x64 -> Node 0
Feb  4 16:40:09 cu-cs-vm kernel: [    0.000000] SRAT: PXM 0 -> APIC 0x66 -> Node 0
Feb  4 16:40:09 cu-cs-vm kernel: [    0.000000] SRAT: PXM 0 -> APIC 0x68 -> Node 0
Feb  4 16:40:09 cu-cs-vm kernel: [    0.000000] SRAT: PXM 0 -> APIC 0x6a -> Node 0
Feb  4 16:40:09 cu-cs-vm kernel: [    0.000000] SRAT: PXM 0 -> APIC 0x6c -> Node 0
Feb  4 16:40:09 cu-cs-vm kernel: [    0.000000] SRAT: PXM 0 -> APIC 0x6e -> Node 0
Feb  4 16:40:09 cu-cs-vm kernel: [    0.000000] SRAT: PXM 0 -> APIC 0x70 -> Node 0
Feb  4 16:40:09 cu-cs-vm kernel: [    0.000000] SRAT: PXM 0 -> APIC 0x72 -> Node 0
Feb  4 16:40:09 cu-cs-vm kernel: [    0.000000] SRAT: PXM 0 -> APIC 0x74 -> Node 0
Feb  4 16:40:09 cu-cs-vm kernel: [    0.000000] SRAT: PXM 0 -> APIC 0x76 -> Node 0
Feb  4 16:40:09 cu-cs-vm kernel: [    0.000000] SRAT: PXM 0 -> APIC 0x78 -> Node 0
Feb  4 16:40:09 cu-cs-vm kernel: [    0.000000] SRAT: PXM 0 -> APIC 0x7a -> Node 0
Feb  4 16:40:09 cu-cs-vm kernel: [    0.000000] SRAT: PXM 0 -> APIC 0x7c -> Node 0
Feb  4 16:40:09 cu-cs-vm kernel: [    0.000000] SRAT: PXM 0 -> APIC 0x7e -> Node 0
Feb  4 16:40:09 cu-cs-vm kernel: [    0.000000] SRAT: PXM 0 -> APIC 0x80 -> Node 0
Feb  4 16:40:09 cu-cs-vm kernel: [    0.000000] SRAT: PXM 0 -> APIC 0x82 -> Node 0
Feb  4 16:40:09 cu-cs-vm kernel: [    0.000000] SRAT: PXM 0 -> APIC 0x84 -> Node 0
Feb  4 16:40:09 cu-cs-vm kernel: [    0.000000] SRAT: PXM 0 -> APIC 0x86 -> Node 0
Feb  4 16:40:09 cu-cs-vm kernel: [    0.000000] SRAT: PXM 0 -> APIC 0x88 -> Node 0
Feb  4 16:40:09 cu-cs-vm kernel: [    0.000000] SRAT: PXM 0 -> APIC 0x8a -> Node 0
Feb  4 16:40:09 cu-cs-vm kernel: [    0.000000] SRAT: PXM 0 -> APIC 0x8c -> Node 0
Feb  4 16:40:09 cu-cs-vm kernel: [    0.000000] SRAT: PXM 0 -> APIC 0x8e -> Node 0
Feb  4 16:40:09 cu-cs-vm kernel: [    0.000000] SRAT: PXM 0 -> APIC 0x90 -> Node 0
Feb  4 16:40:09 cu-cs-vm kernel: [    0.000000] SRAT: PXM 0 -> APIC 0x92 -> Node 0
Feb  4 16:40:09 cu-cs-vm kernel: [    0.000000] SRAT: PXM 0 -> APIC 0x94 -> Node 0
Feb  4 16:40:09 cu-cs-vm kernel: [    0.000000] SRAT: PXM 0 -> APIC 0x96 -> Node 0
Feb  4 16:40:09 cu-cs-vm kernel: [    0.000000] SRAT: PXM 0 -> APIC 0x98 -> Node 0
Feb  4 16:40:09 cu-cs-vm kernel: [    0.000000] SRAT: PXM 0 -> APIC 0x9a -> Node 0
Feb  4 16:40:09 cu-cs-vm kernel: [    0.000000] SRAT: PXM 0 -> APIC 0x9c -> Node 0
Feb  4 16:40:09 cu-cs-vm kernel: [    0.000000] SRAT: PXM 0 -> APIC 0x9e -> Node 0
Feb  4 16:40:09 cu-cs-vm kernel: [    0.000000] SRAT: PXM 0 -> APIC 0xa0 -> Node 0
Feb  4 16:40:09 cu-cs-vm kernel: [    0.000000] SRAT: PXM 0 -> APIC 0xa2 -> Node 0
Feb  4 16:40:09 cu-cs-vm kernel: [    0.000000] SRAT: PXM 0 -> APIC 0xa4 -> Node 0
Feb  4 16:40:09 cu-cs-vm kernel: [    0.000000] SRAT: PXM 0 -> APIC 0xa6 -> Node 0
Feb  4 16:40:09 cu-cs-vm kernel: [    0.000000] SRAT: PXM 0 -> APIC 0xa8 -> Node 0
Feb  4 16:40:09 cu-cs-vm kernel: [    0.000000] SRAT: PXM 0 -> APIC 0xaa -> Node 0
Feb  4 16:40:09 cu-cs-vm kernel: [    0.000000] SRAT: PXM 0 -> APIC 0xac -> Node 0
Feb  4 16:40:09 cu-cs-vm kernel: [    0.000000] SRAT: PXM 0 -> APIC 0xae -> Node 0
Feb  4 16:40:09 cu-cs-vm kernel: [    0.000000] SRAT: PXM 0 -> APIC 0xb0 -> Node 0
Feb  4 16:40:09 cu-cs-vm kernel: [    0.000000] SRAT: PXM 0 -> APIC 0xb2 -> Node 0
Feb  4 16:40:09 cu-cs-vm kernel: [    0.000000] SRAT: PXM 0 -> APIC 0xb4 -> Node 0
Feb  4 16:40:09 cu-cs-vm kernel: [    0.000000] SRAT: PXM 0 -> APIC 0xb6 -> Node 0
Feb  4 16:40:09 cu-cs-vm kernel: [    0.000000] SRAT: PXM 0 -> APIC 0xb8 -> Node 0
Feb  4 16:40:09 cu-cs-vm kernel: [    0.000000] SRAT: PXM 0 -> APIC 0xba -> Node 0
Feb  4 16:40:09 cu-cs-vm kernel: [    0.000000] SRAT: PXM 0 -> APIC 0xbc -> Node 0
Feb  4 16:40:09 cu-cs-vm kernel: [    0.000000] SRAT: PXM 0 -> APIC 0xbe -> Node 0
Feb  4 16:40:09 cu-cs-vm kernel: [    0.000000] SRAT: PXM 0 -> APIC 0xc0 -> Node 0
Feb  4 16:40:09 cu-cs-vm kernel: [    0.000000] SRAT: PXM 0 -> APIC 0xc2 -> Node 0
Feb  4 16:40:09 cu-cs-vm kernel: [    0.000000] SRAT: PXM 0 -> APIC 0xc4 -> Node 0
Feb  4 16:40:09 cu-cs-vm kernel: [    0.000000] SRAT: PXM 0 -> APIC 0xc6 -> Node 0
Feb  4 16:40:09 cu-cs-vm kernel: [    0.000000] SRAT: PXM 0 -> APIC 0xc8 -> Node 0
Feb  4 16:40:09 cu-cs-vm kernel: [    0.000000] SRAT: PXM 0 -> APIC 0xca -> Node 0
Feb  4 16:40:09 cu-cs-vm kernel: [    0.000000] SRAT: PXM 0 -> APIC 0xcc -> Node 0
Feb  4 16:40:09 cu-cs-vm kernel: [    0.000000] SRAT: PXM 0 -> APIC 0xce -> Node 0
Feb  4 16:40:09 cu-cs-vm kernel: [    0.000000] SRAT: PXM 0 -> APIC 0xd0 -> Node 0
Feb  4 16:40:09 cu-cs-vm kernel: [    0.000000] SRAT: PXM 0 -> APIC 0xd2 -> Node 0
Feb  4 16:40:09 cu-cs-vm kernel: [    0.000000] SRAT: PXM 0 -> APIC 0xd4 -> Node 0
Feb  4 16:40:09 cu-cs-vm kernel: [    0.000000] SRAT: PXM 0 -> APIC 0xd6 -> Node 0
Feb  4 16:40:09 cu-cs-vm kernel: [    0.000000] SRAT: PXM 0 -> APIC 0xd8 -> Node 0
Feb  4 16:40:09 cu-cs-vm kernel: [    0.000000] SRAT: PXM 0 -> APIC 0xda -> Node 0
Feb  4 16:40:09 cu-cs-vm kernel: [    0.000000] SRAT: PXM 0 -> APIC 0xdc -> Node 0
Feb  4 16:40:09 cu-cs-vm kernel: [    0.000000] SRAT: PXM 0 -> APIC 0xde -> Node 0
Feb  4 16:40:09 cu-cs-vm kernel: [    0.000000] SRAT: PXM 0 -> APIC 0xe0 -> Node 0
Feb  4 16:40:09 cu-cs-vm kernel: [    0.000000] SRAT: PXM 0 -> APIC 0xe2 -> Node 0
Feb  4 16:40:09 cu-cs-vm kernel: [    0.000000] SRAT: PXM 0 -> APIC 0xe4 -> Node 0
Feb  4 16:40:09 cu-cs-vm kernel: [    0.000000] SRAT: PXM 0 -> APIC 0xe6 -> Node 0
Feb  4 16:40:09 cu-cs-vm kernel: [    0.000000] SRAT: PXM 0 -> APIC 0xe8 -> Node 0
Feb  4 16:40:09 cu-cs-vm kernel: [    0.000000] SRAT: PXM 0 -> APIC 0xea -> Node 0
Feb  4 16:40:09 cu-cs-vm kernel: [    0.000000] SRAT: PXM 0 -> APIC 0xec -> Node 0
Feb  4 16:40:09 cu-cs-vm kernel: [    0.000000] SRAT: PXM 0 -> APIC 0xee -> Node 0
Feb  4 16:40:09 cu-cs-vm kernel: [    0.000000] SRAT: PXM 0 -> APIC 0xf0 -> Node 0
Feb  4 16:40:09 cu-cs-vm kernel: [    0.000000] SRAT: PXM 0 -> APIC 0xf2 -> Node 0
Feb  4 16:40:09 cu-cs-vm kernel: [    0.000000] SRAT: PXM 0 -> APIC 0xf4 -> Node 0
Feb  4 16:40:09 cu-cs-vm kernel: [    0.000000] SRAT: PXM 0 -> APIC 0xf6 -> Node 0
Feb  4 16:40:09 cu-cs-vm kernel: [    0.000000] SRAT: PXM 0 -> APIC 0xf8 -> Node 0
Feb  4 16:40:09 cu-cs-vm kernel: [    0.000000] SRAT: PXM 0 -> APIC 0xfa -> Node 0
Feb  4 16:40:09 cu-cs-vm kernel: [    0.000000] SRAT: PXM 0 -> APIC 0xfc -> Node 0
Feb  4 16:40:09 cu-cs-vm kernel: [    0.000000] SRAT: PXM 0 -> APIC 0xfe -> Node 0
Feb  4 16:40:09 cu-cs-vm kernel: [    0.000000] ACPI: SRAT: Node 0 PXM 0 [mem 0x00000000-0x0009ffff]
Feb  4 16:40:09 cu-cs-vm kernel: [    0.000000] ACPI: SRAT: Node 0 PXM 0 [mem 0x00100000-0x7fffffff]
Feb  4 16:40:09 cu-cs-vm kernel: [    0.000000] ACPI: SRAT: Node 0 PXM 0 [mem 0x80000000-0xbfffffff] hotplug
Feb  4 16:40:09 cu-cs-vm kernel: [    0.000000] NUMA: Node 0 [mem 0x00000000-0x0009ffff] + [mem 0x00100000-0x7fffffff] -> [mem 0x00000000-0x7fffffff]
Feb  4 16:40:09 cu-cs-vm kernel: [    0.000000] NODE_DATA(0) allocated [mem 0x7ffd5000-0x7fffffff]
Feb  4 16:40:09 cu-cs-vm kernel: [    0.000000] Reserving 128MB of memory at 704MB for crashkernel (System RAM: 2047MB)
Feb  4 16:40:09 cu-cs-vm kernel: [    0.000000] Zone ranges:
Feb  4 16:40:09 cu-cs-vm kernel: [    0.000000]   DMA      [mem 0x0000000000001000-0x0000000000ffffff]
Feb  4 16:40:09 cu-cs-vm kernel: [    0.000000]   DMA32    [mem 0x0000000001000000-0x000000007fffffff]
Feb  4 16:40:09 cu-cs-vm kernel: [    0.000000]   Normal   empty
Feb  4 16:40:09 cu-cs-vm kernel: [    0.000000]   Device   empty
Feb  4 16:40:09 cu-cs-vm kernel: [    0.000000] Movable zone start for each node
Feb  4 16:40:09 cu-cs-vm kernel: [    0.000000] Early memory node ranges
Feb  4 16:40:09 cu-cs-vm kernel: [    0.000000]   node   0: [mem 0x0000000000001000-0x000000000009dfff]
Feb  4 16:40:09 cu-cs-vm kernel: [    0.000000]   node   0: [mem 0x0000000000100000-0x000000007fedffff]
Feb  4 16:40:09 cu-cs-vm kernel: [    0.000000]   node   0: [mem 0x000000007ff00000-0x000000007fffffff]
Feb  4 16:40:09 cu-cs-vm kernel: [    0.000000] Initmem setup node 0 [mem 0x0000000000001000-0x000000007fffffff]
Feb  4 16:40:09 cu-cs-vm kernel: [    0.000000] On node 0 totalpages: 524157
Feb  4 16:40:09 cu-cs-vm kernel: [    0.000000]   DMA zone: 64 pages used for memmap
Feb  4 16:40:09 cu-cs-vm kernel: [    0.000000]   DMA zone: 21 pages reserved
Feb  4 16:40:09 cu-cs-vm kernel: [    0.000000]   DMA zone: 3997 pages, LIFO batch:0
Feb  4 16:40:09 cu-cs-vm kernel: [    0.000000]   DMA32 zone: 8128 pages used for memmap
Feb  4 16:40:09 cu-cs-vm kernel: [    0.000000]   DMA32 zone: 520160 pages, LIFO batch:31
Feb  4 16:40:09 cu-cs-vm kernel: [    0.000000] ACPI: PM-Timer IO Port: 0x1008
Feb  4 16:40:09 cu-cs-vm kernel: [    0.000000] ACPI: Local APIC address 0xfee00000
Feb  4 16:40:09 cu-cs-vm kernel: [    0.000000] system APIC only can use physical flat
Feb  4 16:40:09 cu-cs-vm kernel: [    0.000000] ACPI: LAPIC_NMI (acpi_id[0x00] high edge lint[0x1])
Feb  4 16:40:09 cu-cs-vm kernel: [    0.000000] ACPI: LAPIC_NMI (acpi_id[0x01] high edge lint[0x1])
Feb  4 16:40:09 cu-cs-vm kernel: [    0.000000] ACPI: LAPIC_NMI (acpi_id[0x02] high edge lint[0x1])
Feb  4 16:40:09 cu-cs-vm kernel: [    0.000000] ACPI: LAPIC_NMI (acpi_id[0x03] high edge lint[0x1])
Feb  4 16:40:09 cu-cs-vm kernel: [    0.000000] ACPI: LAPIC_NMI (acpi_id[0x04] high edge lint[0x1])
Feb  4 16:40:09 cu-cs-vm kernel: [    0.000000] ACPI: LAPIC_NMI (acpi_id[0x05] high edge lint[0x1])
Feb  4 16:40:09 cu-cs-vm kernel: [    0.000000] ACPI: LAPIC_NMI (acpi_id[0x06] high edge lint[0x1])
Feb  4 16:40:09 cu-cs-vm kernel: [    0.000000] ACPI: LAPIC_NMI (acpi_id[0x07] high edge lint[0x1])
Feb  4 16:40:09 cu-cs-vm kernel: [    0.000000] ACPI: LAPIC_NMI (acpi_id[0x08] high edge lint[0x1])
Feb  4 16:40:09 cu-cs-vm kernel: [    0.000000] ACPI: LAPIC_NMI (acpi_id[0x09] high edge lint[0x1])
Feb  4 16:40:09 cu-cs-vm kernel: [    0.000000] ACPI: LAPIC_NMI (acpi_id[0x0a] high edge lint[0x1])
Feb  4 16:40:09 cu-cs-vm kernel: [    0.000000] ACPI: LAPIC_NMI (acpi_id[0x0b] high edge lint[0x1])
Feb  4 16:40:09 cu-cs-vm kernel: [    0.000000] ACPI: LAPIC_NMI (acpi_id[0x0c] high edge lint[0x1])
Feb  4 16:40:09 cu-cs-vm kernel: [    0.000000] ACPI: LAPIC_NMI (acpi_id[0x0d] high edge lint[0x1])
Feb  4 16:40:09 cu-cs-vm kernel: [    0.000000] ACPI: LAPIC_NMI (acpi_id[0x0e] high edge lint[0x1])
Feb  4 16:40:09 cu-cs-vm kernel: [    0.000000] ACPI: LAPIC_NMI (acpi_id[0x0f] high edge lint[0x1])
Feb  4 16:40:09 cu-cs-vm kernel: [    0.000000] ACPI: LAPIC_NMI (acpi_id[0x10] high edge lint[0x1])
Feb  4 16:40:09 cu-cs-vm kernel: [    0.000000] ACPI: LAPIC_NMI (acpi_id[0x11] high edge lint[0x1])
Feb  4 16:40:09 cu-cs-vm kernel: [    0.000000] ACPI: LAPIC_NMI (acpi_id[0x12] high edge lint[0x1])
Feb  4 16:40:09 cu-cs-vm kernel: [    0.000000] ACPI: LAPIC_NMI (acpi_id[0x13] high edge lint[0x1])
Feb  4 16:40:09 cu-cs-vm kernel: [    0.000000] ACPI: LAPIC_NMI (acpi_id[0x14] high edge lint[0x1])
Feb  4 16:40:09 cu-cs-vm kernel: [    0.000000] ACPI: LAPIC_NMI (acpi_id[0x15] high edge lint[0x1])
Feb  4 16:40:09 cu-cs-vm kernel: [    0.000000] ACPI: LAPIC_NMI (acpi_id[0x16] high edge lint[0x1])
Feb  4 16:40:09 cu-cs-vm kernel: [    0.000000] ACPI: LAPIC_NMI (acpi_id[0x17] high edge lint[0x1])
Feb  4 16:40:09 cu-cs-vm kernel: [    0.000000] ACPI: LAPIC_NMI (acpi_id[0x18] high edge lint[0x1])
Feb  4 16:40:09 cu-cs-vm kernel: [    0.000000] ACPI: LAPIC_NMI (acpi_id[0x19] high edge lint[0x1])
Feb  4 16:40:09 cu-cs-vm kernel: [    0.000000] ACPI: LAPIC_NMI (acpi_id[0x1a] high edge lint[0x1])
Feb  4 16:40:09 cu-cs-vm kernel: [    0.000000] ACPI: LAPIC_NMI (acpi_id[0x1b] high edge lint[0x1])
Feb  4 16:40:09 cu-cs-vm kernel: [    0.000000] ACPI: LAPIC_NMI (acpi_id[0x1c] high edge lint[0x1])
Feb  4 16:40:09 cu-cs-vm kernel: [    0.000000] ACPI: LAPIC_NMI (acpi_id[0x1d] high edge lint[0x1])
Feb  4 16:40:09 cu-cs-vm kernel: [    0.000000] ACPI: LAPIC_NMI (acpi_id[0x1e] high edge lint[0x1])
Feb  4 16:40:09 cu-cs-vm systemd-modules-load[368]: Inserted module 'lp'
Feb  4 16:40:09 cu-cs-vm systemd-modules-load[368]: Inserted module 'ppdev'
Feb  4 16:40:09 cu-cs-vm systemd-modules-load[368]: Inserted module 'parport_pc'
Feb  4 16:40:09 cu-cs-vm loadkeys[358]: Loading /etc/console-setup/cached.kmap.gz
Feb  4 16:40:09 cu-cs-vm systemd[1]: Started udev Kernel Device Manager.
Feb  4 16:40:09 cu-cs-vm systemd[1]: Starting Remount Root and Kernel File Systems...
Feb  4 16:40:09 cu-cs-vm systemd[1]: Started Remount Root and Kernel File Systems.
Feb  4 16:40:09 cu-cs-vm systemd[1]: Starting Flush Journal to Persistent Storage...
Feb  4 16:40:09 cu-cs-vm systemd[1]: Starting Load/Save Random Seed...
Feb  4 16:40:09 cu-cs-vm systemd[1]: Reached target Local File Systems (Pre).
Feb  4 16:40:09 cu-cs-vm systemd[1]: Starting udev Coldplug all Devices...
Feb  4 16:40:09 cu-cs-vm systemd[1]: Started Load/Save Random Seed.
Feb  4 16:40:09 cu-cs-vm systemd[1]: Started Flush Journal to Persistent Storage.
Feb  4 16:40:09 cu-cs-vm systemd[1]: Started udev Coldplug all Devices.
Feb  4 16:40:09 cu-cs-vm systemd[1]: Started Dispatch Password Requests to Console Directory Watch.
Feb  4 16:40:09 cu-cs-vm mtp-probe: checking bus 2, device 2: "/sys/devices/pci0000:00/0000:00:11.0/0000:02:00.0/usb2/2-1"
Feb  4 16:40:09 cu-cs-vm mtp-probe: bus: 2, device: 2 was not an MTP device
Feb  4 16:40:09 cu-cs-vm systemd[1]: Listening on Load/Save RF Kill Switch Status /dev/rfkill Watch.
Feb  4 16:40:09 cu-cs-vm systemd[1]: Found device VMware_Virtual_SATA_Hard_Drive 1.
Feb  4 16:40:09 cu-cs-vm systemd[1]: Starting File System Check on /dev/disk/by-uuid/bb1213fd-aa15-420b-8d34-682b907abadc...
Feb  4 16:40:09 cu-cs-vm systemd[1]: Started File System Check Daemon to report status.
Feb  4 16:40:09 cu-cs-vm systemd[1]: Started File System Check on /dev/disk/by-uuid/bb1213fd-aa15-420b-8d34-682b907abadc.
Feb  4 16:40:09 cu-cs-vm systemd[1]: Mounting /home...
Feb  4 16:40:09 cu-cs-vm systemd[1]: Mounted /home.
Feb  4 16:40:09 cu-cs-vm systemd[1]: Reached target Local File Systems.
Feb  4 16:40:09 cu-cs-vm systemd[1]: Starting Enable support for additional executable binary formats...
Feb  4 16:40:09 cu-cs-vm systemd[1]: Starting Tell Plymouth To Write Out Runtime Data...
Feb  4 16:40:09 cu-cs-vm systemd[1]: Starting Set console font and keymap...
Feb  4 16:40:09 cu-cs-vm systemd[1]: Starting LSB: AppArmor initialization...
Feb  4 16:40:09 cu-cs-vm systemd[1]: Starting Create Volatile Files and Directories...
Feb  4 16:40:09 cu-cs-vm systemd-tmpfiles[623]: [/usr/lib/tmpfiles.d/var.conf:14] Duplicate line for path "/var/log", ignoring.
Feb  4 16:40:09 cu-cs-vm systemd[1]: Started Tell Plymouth To Write Out Runtime Data.
Feb  4 16:40:09 cu-cs-vm systemd[1]: Started Create Volatile Files and Directories.
Feb  4 16:40:09 cu-cs-vm systemd[1]: Starting Update UTMP about System Boot/Shutdown...
Feb  4 16:40:09 cu-cs-vm systemd[1]: Starting Network Time Synchronization...
Feb  4 16:40:09 cu-cs-vm systemd[1]: proc-sys-fs-binfmt_misc.automount: Got automount request for /proc/sys/fs/binfmt_misc, triggered by 619 (update-binfmts)
Feb  4 16:40:09 cu-cs-vm systemd[1]: Mounting Arbitrary Executable File Formats File System...
Feb  4 16:40:09 cu-cs-vm systemd[1]: Started Update UTMP about System Boot/Shutdown.
Feb  4 16:40:09 cu-cs-vm systemd[1]: Started Network Time Synchronization.
Feb  4 16:40:09 cu-cs-vm systemd[1]: Reached target System Time Synchronized.
Feb  4 16:40:09 cu-cs-vm systemd[1]: Mounted Arbitrary Executable File Formats File System.
Feb  4 16:40:09 cu-cs-vm systemd[1]: Started Enable support for additional executable binary formats.
Feb  4 16:40:09 cu-cs-vm apparmor[622]:  * Starting AppArmor profiles
Feb  4 16:40:09 cu-cs-vm systemd[1]: Started Set console font and keymap.
Feb  4 16:40:09 cu-cs-vm systemd[1]: Created slice system-getty.slice.
Feb  4 16:40:09 cu-cs-vm apparmor[622]: Skipping profile in /etc/apparmor.d/disable: usr.bin.firefox
Feb  4 16:40:09 cu-cs-vm apparmor[622]: Skipping profile in /etc/apparmor.d/disable: usr.sbin.rsyslogd
Feb  4 16:40:09 cu-cs-vm apparmor[622]:    ...done.
Feb  4 16:40:09 cu-cs-vm systemd[1]: Started LSB: AppArmor initialization.
Feb  4 16:40:09 cu-cs-vm systemd[1]: Reached target System Initialization.
Feb  4 16:40:09 cu-cs-vm systemd[1]: Started ACPI Events Check.
Feb  4 16:40:09 cu-cs-vm systemd[1]: Started Timer to automatically refresh installed snaps.
Feb  4 16:40:09 cu-cs-vm systemd[1]: Listening on ACPID Listen Socket.
Feb  4 16:40:09 cu-cs-vm systemd[1]: Started Daily Cleanup of Temporary Directories.
Feb  4 16:40:09 cu-cs-vm systemd[1]: Listening on CUPS Scheduler.
Feb  4 16:40:09 cu-cs-vm systemd[1]: Listening on D-Bus System Message Bus Socket.
Feb  4 16:40:09 cu-cs-vm systemd[1]: Started CUPS Scheduler.
Feb  4 16:40:09 cu-cs-vm systemd[1]: Reached target Paths.
Feb  4 16:40:09 cu-cs-vm systemd[1]: Starting Socket activation for snappy daemon.
Feb  4 16:40:09 cu-cs-vm systemd[1]: Listening on Avahi mDNS/DNS-SD Stack Activation Socket.
Feb  4 16:40:09 cu-cs-vm systemd[1]: Listening on UUID daemon activation socket.
Feb  4 16:40:09 cu-cs-vm systemd[1]: Starting Raise network interfaces...
Feb  4 16:40:09 cu-cs-vm systemd[1]: Listening on Socket activation for snappy daemon.
Feb  4 16:40:09 cu-cs-vm systemd[1]: Reached target Sockets.
Feb  4 16:40:09 cu-cs-vm systemd[1]: Reached target Basic System.
Feb  4 16:40:09 cu-cs-vm systemd[1]: Started uptime record daemon.
Feb  4 16:40:09 cu-cs-vm systemd[1]: Starting LSB: daemon to balance interrupts for SMP systems...
Feb  4 16:40:09 cu-cs-vm systemd[1]: Starting Thermal Daemon Service...
Feb  4 16:40:09 cu-cs-vm systemd[1]: Starting Snappy daemon...
Feb  4 16:40:09 cu-cs-vm systemd[1]: Starting LSB: Set the CPU Frequency Scaling governor to "ondemand"...
Feb  4 16:40:09 cu-cs-vm systemd[1]: Started D-Bus System Message Bus.
Feb  4 16:40:09 cu-cs-vm snapd[759]: AppArmor status: apparmor is enabled and all features are available
Feb  4 16:40:09 cu-cs-vm snapd[759]: 2018/02/04 16:40:08.593837 daemon.go:306: started snapd/2.29.4.2 (series 16; classic) ubuntu/16.04 (amd64) linux/4.13.13popcorn1.
Feb  4 16:40:09 cu-cs-vm dbus[765]: [system] AppArmor D-Bus mediation is enabled
Feb  4 16:40:09 cu-cs-vm snapd[759]: 2018/02/04 16:40:08.603302 stateengine.go:98: state ensure error: Get https://api.snapcraft.io/api/v1/snaps/sections: dial tcp: lookup api.snapcraft.io on [::1]:53: read udp [::1]:52591->[::1]:53: read: connection refused
Feb  4 16:40:09 cu-cs-vm thermald[758]: NO RAPL sysfs present
Feb  4 16:40:09 cu-cs-vm thermald[758]: 13 CPUID levels; family:model:stepping 0x6:3a:9 (6:58:9)
Feb  4 16:40:09 cu-cs-vm thermald[758]: Polling mode is enabled: 4
Feb  4 16:40:09 cu-cs-vm thermald[758]: Thermal DTS: No coretemp sysfs found
Feb  4 16:40:09 cu-cs-vm thermald[758]: Thermal DTS or hwmon: No Zones present Need to configure manually
Feb  4 16:40:09 cu-cs-vm thermald[758]: No thermal sensors found
Feb  4 16:40:09 cu-cs-vm thermald[758]: THD engine start failed
Feb  4 16:40:09 cu-cs-vm systemd[1]: Starting Network Manager...
Feb  4 16:40:09 cu-cs-vm systemd[1]: Starting LSB: Execute the kexec -e command to reboot system...
Feb  4 16:40:09 cu-cs-vm systemd[1]: Starting Accounts Service...
Feb  4 16:40:09 cu-cs-vm systemd[1]: Starting Restore /etc/resolv.conf if the system crashed before the ppp link was shut down...
Feb  4 16:40:09 cu-cs-vm systemd[1]: Started Run anacron jobs.
Feb  4 16:40:09 cu-cs-vm systemd[1]: Starting LSB: Record successful boot for GRUB...
Feb  4 16:40:09 cu-cs-vm systemd[1]: Started ACPI event daemon.
Feb  4 16:40:09 cu-cs-vm systemd[1]: Starting Detect the available GPUs and deal with any system changes...
Feb  4 16:40:09 cu-cs-vm systemd[1]: Starting LSB: Speech Dispatcher...
Feb  4 16:40:09 cu-cs-vm systemd[1]: Starting Login Service...
Feb  4 16:40:09 cu-cs-vm systemd[1]: Starting Initialize hardware monitoring sensors...
Feb  4 16:40:09 cu-cs-vm systemd[1]: Starting Permit User Sessions...
Feb  4 16:40:09 cu-cs-vm systemd[1]: Starting LSB: automatic crash report generation...
Feb  4 16:40:09 cu-cs-vm systemd[1]: Starting Avahi mDNS/DNS-SD Stack...
Feb  4 16:40:09 cu-cs-vm anacron[809]: Anacron 2.3 started on 2018-02-04
Feb  4 16:40:09 cu-cs-vm anacron[809]: Normal exit (0 jobs run)
Feb  4 16:40:09 cu-cs-vm systemd[1]: Started Regular background program processing daemon.
Feb  4 16:40:09 cu-cs-vm systemd[1]: Starting Modem Manager...
Feb  4 16:40:09 cu-cs-vm systemd[1]: Starting System Logging Service...
Feb  4 16:40:09 cu-cs-vm systemd[1]: Started Service for virtual machines hosted on VMware.
Feb  4 16:40:09 cu-cs-vm systemd[1]: Started CUPS Scheduler.
Feb  4 16:40:09 cu-cs-vm systemd[1]: Started Snappy daemon.
Feb  4 16:40:09 cu-cs-vm systemd[1]: Started Thermal Daemon Service.
Feb  4 16:40:09 cu-cs-vm systemd[1]: Started Restore /etc/resolv.conf if the system crashed before the ppp link was shut down.
Feb  4 16:40:09 cu-cs-vm systemd[1]: Started Permit User Sessions.
Feb  4 16:40:09 cu-cs-vm irqbalance[757]:  * Starting SMP IRQ Balancer: irqbalance
Feb  4 16:40:09 cu-cs-vm cron[827]: (CRON) INFO (pidfile fd = 3)
Feb  4 16:40:09 cu-cs-vm cron[827]: (CRON) INFO (Running @reboot jobs)
Feb  4 16:40:09 cu-cs-vm speech-dispatcher[817]:  * speech-dispatcher disabled; edit /etc/default/speech-dispatcher
Feb  4 16:40:09 cu-cs-vm systemd[1]: Started LSB: Execute the kexec -e command to reboot system.
Feb  4 16:40:09 cu-cs-vm systemd[1]: Started LSB: Speech Dispatcher.
Feb  4 16:40:09 cu-cs-vm apport[821]:  * Starting automatic crash report generation: apport
Feb  4 16:40:09 cu-cs-vm systemd[1]: Started Login Service.
Feb  4 16:40:09 cu-cs-vm systemd[1]: Starting LSB: Load kernel image with kexec...
Feb  4 16:40:09 cu-cs-vm apport[821]:    ...done.
Feb  4 16:40:09 cu-cs-vm systemd[1]: Started LSB: automatic crash report generation.
Feb  4 16:40:09 cu-cs-vm systemd[1]: Started LSB: Load kernel image with kexec.
Feb  4 16:40:09 cu-cs-vm gpu-manager[814]: /etc/modprobe.d is not a file
Feb  4 16:40:09 cu-cs-vm gpu-manager[814]: /etc/modprobe.d is not a file
Feb  4 16:40:09 cu-cs-vm sensors[819]: No sensors found!
Feb  4 16:40:09 cu-cs-vm sensors[819]: Make sure you loaded all the kernel drivers you need.
Feb  4 16:40:09 cu-cs-vm sensors[819]: Try sensors-detect to find out which these are.
Feb  4 16:40:09 cu-cs-vm gpu-manager[814]: /etc/modprobe.d is not a file
Feb  4 16:40:09 cu-cs-vm systemd[1]: Started LSB: Set the CPU Frequency Scaling governor to "ondemand".
Feb  4 16:40:09 cu-cs-vm sensors[901]: No sensors found!
Feb  4 16:40:09 cu-cs-vm sensors[901]: Make sure you loaded all the kernel drivers you need.
Feb  4 16:40:09 cu-cs-vm sensors[901]: Try sensors-detect to find out which these are.
Feb  4 16:40:09 cu-cs-vm systemd[1]: Started Initialize hardware monitoring sensors.
Feb  4 16:40:09 cu-cs-vm gpu-manager[814]: /etc/modprobe.d is not a file
Feb  4 16:40:09 cu-cs-vm irqbalance[757]:    ...done.
Feb  4 16:40:09 cu-cs-vm systemd[1]: Started LSB: daemon to balance interrupts for SMP systems.
Feb  4 16:40:09 cu-cs-vm gpu-manager[814]: /etc/modprobe.d is not a file
Feb  4 16:40:09 cu-cs-vm gpu-manager[814]: Error: can't open /lib/modules/4.13.13popcorn1/updates/dkms
Feb  4 16:40:09 cu-cs-vm avahi-daemon[822]: Found user 'avahi' (UID 111) and group 'avahi' (GID 120).
Feb  4 16:40:09 cu-cs-vm avahi-daemon[822]: Successfully dropped root privileges.
Feb  4 16:40:09 cu-cs-vm avahi-daemon[822]: avahi-daemon 0.6.32-rc starting up.
Feb  4 16:40:09 cu-cs-vm gpu-manager[814]: Error: can't open /lib/modules/4.13.13popcorn1/updates/dkms
Feb  4 16:40:09 cu-cs-vm systemd[1]: Started Raise network interfaces.
Feb  4 16:40:09 cu-cs-vm acpid: starting up with netlink and the input layer
Feb  4 16:40:09 cu-cs-vm systemd[1]: Started Avahi mDNS/DNS-SD Stack.
Feb  4 16:40:09 cu-cs-vm systemd[1]: Started Make remote CUPS printers available locally.
Feb  4 16:40:09 cu-cs-vm avahi-daemon[822]: Successfully called chroot().
Feb  4 16:40:09 cu-cs-vm avahi-daemon[822]: Successfully dropped remaining capabilities.
Feb  4 16:40:09 cu-cs-vm avahi-daemon[822]: No service file found in /etc/avahi/services.
Feb  4 16:40:09 cu-cs-vm avahi-daemon[822]: Network interface enumeration completed.
Feb  4 16:40:09 cu-cs-vm avahi-daemon[822]: Server startup complete. Host name is cu-cs-vm.local. Local service cookie is 630909949.
Feb  4 16:40:09 cu-cs-vm acpid: 9 rules loaded
Feb  4 16:40:09 cu-cs-vm acpid: waiting for events: event logging is off
Feb  4 16:40:09 cu-cs-vm kernel: [    0.000000] ACPI: LAPIC_NMI (acpi_id[0x1f] high edge lint[0x1])
Feb  4 16:40:09 cu-cs-vm kernel: [    0.000000] ACPI: LAPIC_NMI (acpi_id[0x20] high edge lint[0x1])
Feb  4 16:40:09 cu-cs-vm kernel: [    0.000000] ACPI: LAPIC_NMI (acpi_id[0x21] high edge lint[0x1])
Feb  4 16:40:09 cu-cs-vm kernel: [    0.000000] ACPI: LAPIC_NMI (acpi_id[0x22] high edge lint[0x1])
Feb  4 16:40:09 cu-cs-vm kernel: [    0.000000] ACPI: LAPIC_NMI (acpi_id[0x23] high edge lint[0x1])
Feb  4 16:40:09 cu-cs-vm kernel: [    0.000000] ACPI: LAPIC_NMI (acpi_id[0x24] high edge lint[0x1])
Feb  4 16:40:09 cu-cs-vm kernel: [    0.000000] ACPI: LAPIC_NMI (acpi_id[0x25] high edge lint[0x1])
Feb  4 16:40:09 cu-cs-vm kernel: [    0.000000] ACPI: LAPIC_NMI (acpi_id[0x26] high edge lint[0x1])
Feb  4 16:40:09 cu-cs-vm kernel: [    0.000000] ACPI: LAPIC_NMI (acpi_id[0x27] high edge lint[0x1])
Feb  4 16:40:09 cu-cs-vm kernel: [    0.000000] ACPI: LAPIC_NMI (acpi_id[0x28] high edge lint[0x1])
Feb  4 16:40:09 cu-cs-vm kernel: [    0.000000] ACPI: LAPIC_NMI (acpi_id[0x29] high edge lint[0x1])
Feb  4 16:40:09 cu-cs-vm kernel: [    0.000000] ACPI: LAPIC_NMI (acpi_id[0x2a] high edge lint[0x1])
Feb  4 16:40:09 cu-cs-vm kernel: [    0.000000] ACPI: LAPIC_NMI (acpi_id[0x2b] high edge lint[0x1])
Feb  4 16:40:09 cu-cs-vm kernel: [    0.000000] ACPI: LAPIC_NMI (acpi_id[0x2c] high edge lint[0x1])
Feb  4 16:40:09 cu-cs-vm kernel: [    0.000000] ACPI: LAPIC_NMI (acpi_id[0x2d] high edge lint[0x1])
Feb  4 16:40:09 cu-cs-vm kernel: [    0.000000] ACPI: LAPIC_NMI (acpi_id[0x2e] high edge lint[0x1])
Feb  4 16:40:09 cu-cs-vm kernel: [    0.000000] ACPI: LAPIC_NMI (acpi_id[0x2f] high edge lint[0x1])
Feb  4 16:40:09 cu-cs-vm kernel: [    0.000000] ACPI: LAPIC_NMI (acpi_id[0x30] high edge lint[0x1])
Feb  4 16:40:09 cu-cs-vm kernel: [    0.000000] ACPI: LAPIC_NMI (acpi_id[0x31] high edge lint[0x1])
Feb  4 16:40:09 cu-cs-vm kernel: [    0.000000] ACPI: LAPIC_NMI (acpi_id[0x32] high edge lint[0x1])
Feb  4 16:40:09 cu-cs-vm kernel: [    0.000000] ACPI: LAPIC_NMI (acpi_id[0x33] high edge lint[0x1])
Feb  4 16:40:09 cu-cs-vm kernel: [    0.000000] ACPI: LAPIC_NMI (acpi_id[0x34] high edge lint[0x1])
Feb  4 16:40:09 cu-cs-vm kernel: [    0.000000] ACPI: LAPIC_NMI (acpi_id[0x35] high edge lint[0x1])
Feb  4 16:40:09 cu-cs-vm kernel: [    0.000000] ACPI: LAPIC_NMI (acpi_id[0x36] high edge lint[0x1])
Feb  4 16:40:09 cu-cs-vm kernel: [    0.000000] ACPI: LAPIC_NMI (acpi_id[0x37] high edge lint[0x1])
Feb  4 16:40:09 cu-cs-vm kernel: [    0.000000] ACPI: LAPIC_NMI (acpi_id[0x38] high edge lint[0x1])
Feb  4 16:40:09 cu-cs-vm kernel: [    0.000000] ACPI: LAPIC_NMI (acpi_id[0x39] high edge lint[0x1])
Feb  4 16:40:09 cu-cs-vm kernel: [    0.000000] ACPI: LAPIC_NMI (acpi_id[0x3a] high edge lint[0x1])
Feb  4 16:40:09 cu-cs-vm kernel: [    0.000000] ACPI: LAPIC_NMI (acpi_id[0x3b] high edge lint[0x1])
Feb  4 16:40:09 cu-cs-vm kernel: [    0.000000] ACPI: LAPIC_NMI (acpi_id[0x3c] high edge lint[0x1])
Feb  4 16:40:09 cu-cs-vm kernel: [    0.000000] ACPI: LAPIC_NMI (acpi_id[0x3d] high edge lint[0x1])
Feb  4 16:40:09 cu-cs-vm kernel: [    0.000000] ACPI: LAPIC_NMI (acpi_id[0x3e] high edge lint[0x1])
Feb  4 16:40:09 cu-cs-vm kernel: [    0.000000] ACPI: LAPIC_NMI (acpi_id[0x3f] high edge lint[0x1])
Feb  4 16:40:09 cu-cs-vm kernel: [    0.000000] ACPI: LAPIC_NMI (acpi_id[0x40] high edge lint[0x1])
Feb  4 16:40:09 cu-cs-vm kernel: [    0.000000] ACPI: LAPIC_NMI (acpi_id[0x41] high edge lint[0x1])
Feb  4 16:40:09 cu-cs-vm kernel: [    0.000000] ACPI: LAPIC_NMI (acpi_id[0x42] high edge lint[0x1])
Feb  4 16:40:09 cu-cs-vm kernel: [    0.000000] ACPI: LAPIC_NMI (acpi_id[0x43] high edge lint[0x1])
Feb  4 16:40:09 cu-cs-vm kernel: [    0.000000] ACPI: LAPIC_NMI (acpi_id[0x44] high edge lint[0x1])
Feb  4 16:40:09 cu-cs-vm kernel: [    0.000000] ACPI: LAPIC_NMI (acpi_id[0x45] high edge lint[0x1])
Feb  4 16:40:09 cu-cs-vm kernel: [    0.000000] ACPI: LAPIC_NMI (acpi_id[0x46] high edge lint[0x1])
Feb  4 16:40:09 cu-cs-vm kernel: [    0.000000] ACPI: LAPIC_NMI (acpi_id[0x47] high edge lint[0x1])
Feb  4 16:40:09 cu-cs-vm kernel: [    0.000000] ACPI: LAPIC_NMI (acpi_id[0x48] high edge lint[0x1])
Feb  4 16:40:09 cu-cs-vm kernel: [    0.000000] ACPI: LAPIC_NMI (acpi_id[0x49] high edge lint[0x1])
Feb  4 16:40:09 cu-cs-vm kernel: [    0.000000] ACPI: LAPIC_NMI (acpi_id[0x4a] high edge lint[0x1])
Feb  4 16:40:09 cu-cs-vm kernel: [    0.000000] ACPI: LAPIC_NMI (acpi_id[0x4b] high edge lint[0x1])
Feb  4 16:40:09 cu-cs-vm kernel: [    0.000000] ACPI: LAPIC_NMI (acpi_id[0x4c] high edge lint[0x1])
Feb  4 16:40:09 cu-cs-vm systemd[1]: Started System Logging Service.
Feb  4 16:40:09 cu-cs-vm systemd[1]: Started LSB: Record successful boot for GRUB.
Feb  4 16:40:09 cu-cs-vm kernel: [    0.000000] ACPI: LAPIC_NMI (acpi_id[0x4d] high edge lint[0x1])
Feb  4 16:40:09 cu-cs-vm kernel: [    0.000000] ACPI: LAPIC_NMI (acpi_id[0x4e] high edge lint[0x1])
Feb  4 16:40:09 cu-cs-vm kernel: [    0.000000] ACPI: LAPIC_NMI (acpi_id[0x4f] high edge lint[0x1])
Feb  4 16:40:09 cu-cs-vm kernel: [    0.000000] ACPI: LAPIC_NMI (acpi_id[0x50] high edge lint[0x1])
Feb  4 16:40:09 cu-cs-vm kernel: [    0.000000] ACPI: LAPIC_NMI (acpi_id[0x51] high edge lint[0x1])
Feb  4 16:40:09 cu-cs-vm kernel: [    0.000000] ACPI: LAPIC_NMI (acpi_id[0x52] high edge lint[0x1])
Feb  4 16:40:09 cu-cs-vm kernel: [    0.000000] ACPI: LAPIC_NMI (acpi_id[0x53] high edge lint[0x1])
Feb  4 16:40:09 cu-cs-vm kernel: [    0.000000] ACPI: LAPIC_NMI (acpi_id[0x54] high edge lint[0x1])
Feb  4 16:40:09 cu-cs-vm kernel: [    0.000000] ACPI: LAPIC_NMI (acpi_id[0x55] high edge lint[0x1])
Feb  4 16:40:09 cu-cs-vm kernel: [    0.000000] ACPI: LAPIC_NMI (acpi_id[0x56] high edge lint[0x1])
Feb  4 16:40:09 cu-cs-vm kernel: [    0.000000] ACPI: LAPIC_NMI (acpi_id[0x57] high edge lint[0x1])
Feb  4 16:40:09 cu-cs-vm kernel: [    0.000000] ACPI: LAPIC_NMI (acpi_id[0x58] high edge lint[0x1])
Feb  4 16:40:09 cu-cs-vm kernel: [    0.000000] ACPI: LAPIC_NMI (acpi_id[0x59] high edge lint[0x1])
Feb  4 16:40:09 cu-cs-vm kernel: [    0.000000] ACPI: LAPIC_NMI (acpi_id[0x5a] high edge lint[0x1])
Feb  4 16:40:09 cu-cs-vm kernel: [    0.000000] ACPI: LAPIC_NMI (acpi_id[0x5b] high edge lint[0x1])
Feb  4 16:40:09 cu-cs-vm kernel: [    0.000000] ACPI: LAPIC_NMI (acpi_id[0x5c] high edge lint[0x1])
Feb  4 16:40:09 cu-cs-vm kernel: [    0.000000] ACPI: LAPIC_NMI (acpi_id[0x5d] high edge lint[0x1])
Feb  4 16:40:09 cu-cs-vm kernel: [    0.000000] ACPI: LAPIC_NMI (acpi_id[0x5e] high edge lint[0x1])
Feb  4 16:40:09 cu-cs-vm kernel: [    0.000000] ACPI: LAPIC_NMI (acpi_id[0x5f] high edge lint[0x1])
Feb  4 16:40:09 cu-cs-vm kernel: [    0.000000] ACPI: LAPIC_NMI (acpi_id[0x60] high edge lint[0x1])
Feb  4 16:40:09 cu-cs-vm kernel: [    0.000000] ACPI: LAPIC_NMI (acpi_id[0x61] high edge lint[0x1])
Feb  4 16:40:09 cu-cs-vm kernel: [    0.000000] ACPI: LAPIC_NMI (acpi_id[0x62] high edge lint[0x1])
Feb  4 16:40:09 cu-cs-vm kernel: [    0.000000] ACPI: LAPIC_NMI (acpi_id[0x63] high edge lint[0x1])
Feb  4 16:40:09 cu-cs-vm kernel: [    0.000000] ACPI: LAPIC_NMI (acpi_id[0x64] high edge lint[0x1])
Feb  4 16:40:09 cu-cs-vm kernel: [    0.000000] ACPI: LAPIC_NMI (acpi_id[0x65] high edge lint[0x1])
Feb  4 16:40:09 cu-cs-vm kernel: [    0.000000] ACPI: LAPIC_NMI (acpi_id[0x66] high edge lint[0x1])
Feb  4 16:40:09 cu-cs-vm kernel: [    0.000000] ACPI: LAPIC_NMI (acpi_id[0x67] high edge lint[0x1])
Feb  4 16:40:09 cu-cs-vm kernel: [    0.000000] ACPI: LAPIC_NMI (acpi_id[0x68] high edge lint[0x1])
Feb  4 16:40:09 cu-cs-vm kernel: [    0.000000] ACPI: LAPIC_NMI (acpi_id[0x69] high edge lint[0x1])
Feb  4 16:40:09 cu-cs-vm kernel: [    0.000000] ACPI: LAPIC_NMI (acpi_id[0x6a] high edge lint[0x1])
Feb  4 16:40:09 cu-cs-vm kernel: [    0.000000] ACPI: LAPIC_NMI (acpi_id[0x6b] high edge lint[0x1])
Feb  4 16:40:09 cu-cs-vm kernel: [    0.000000] ACPI: LAPIC_NMI (acpi_id[0x6c] high edge lint[0x1])
Feb  4 16:40:09 cu-cs-vm kernel: [    0.000000] ACPI: LAPIC_NMI (acpi_id[0x6d] high edge lint[0x1])
Feb  4 16:40:09 cu-cs-vm kernel: [    0.000000] ACPI: LAPIC_NMI (acpi_id[0x6e] high edge lint[0x1])
Feb  4 16:40:09 cu-cs-vm kernel: [    0.000000] ACPI: LAPIC_NMI (acpi_id[0x6f] high edge lint[0x1])
Feb  4 16:40:09 cu-cs-vm kernel: [    0.000000] ACPI: LAPIC_NMI (acpi_id[0x70] high edge lint[0x1])
Feb  4 16:40:09 cu-cs-vm kernel: [    0.000000] ACPI: LAPIC_NMI (acpi_id[0x71] high edge lint[0x1])
Feb  4 16:40:09 cu-cs-vm kernel: [    0.000000] ACPI: LAPIC_NMI (acpi_id[0x72] high edge lint[0x1])
Feb  4 16:40:09 cu-cs-vm kernel: [    0.000000] ACPI: LAPIC_NMI (acpi_id[0x73] high edge lint[0x1])
Feb  4 16:40:09 cu-cs-vm kernel: [    0.000000] ACPI: LAPIC_NMI (acpi_id[0x74] high edge lint[0x1])
Feb  4 16:40:09 cu-cs-vm kernel: [    0.000000] ACPI: LAPIC_NMI (acpi_id[0x75] high edge lint[0x1])
Feb  4 16:40:09 cu-cs-vm kernel: [    0.000000] ACPI: LAPIC_NMI (acpi_id[0x76] high edge lint[0x1])
Feb  4 16:40:09 cu-cs-vm kernel: [    0.000000] ACPI: LAPIC_NMI (acpi_id[0x77] high edge lint[0x1])
Feb  4 16:40:09 cu-cs-vm kernel: [    0.000000] ACPI: LAPIC_NMI (acpi_id[0x78] high edge lint[0x1])
Feb  4 16:40:09 cu-cs-vm kernel: [    0.000000] ACPI: LAPIC_NMI (acpi_id[0x79] high edge lint[0x1])
Feb  4 16:40:09 cu-cs-vm kernel: [    0.000000] ACPI: LAPIC_NMI (acpi_id[0x7a] high edge lint[0x1])
Feb  4 16:40:09 cu-cs-vm kernel: [    0.000000] ACPI: LAPIC_NMI (acpi_id[0x7b] high edge lint[0x1])
Feb  4 16:40:09 cu-cs-vm kernel: [    0.000000] ACPI: LAPIC_NMI (acpi_id[0x7c] high edge lint[0x1])
Feb  4 16:40:09 cu-cs-vm kernel: [    0.000000] ACPI: LAPIC_NMI (acpi_id[0x7d] high edge lint[0x1])
Feb  4 16:40:09 cu-cs-vm kernel: [    0.000000] ACPI: LAPIC_NMI (acpi_id[0x7e] high edge lint[0x1])
Feb  4 16:40:09 cu-cs-vm kernel: [    0.000000] ACPI: LAPIC_NMI (acpi_id[0x7f] high edge lint[0x1])
Feb  4 16:40:09 cu-cs-vm kernel: [    0.000000] IOAPIC[0]: apic_id 1, version 17, address 0xfec00000, GSI 0-23
Feb  4 16:40:09 cu-cs-vm kernel: [    0.000000] ACPI: INT_SRC_OVR (bus 0 bus_irq 0 global_irq 2 high edge)
Feb  4 16:40:09 cu-cs-vm kernel: [    0.000000] ACPI: IRQ0 used by override.
Feb  4 16:40:09 cu-cs-vm kernel: [    0.000000] ACPI: IRQ9 used by override.
Feb  4 16:40:09 cu-cs-vm kernel: [    0.000000] Using ACPI (MADT) for SMP configuration information
Feb  4 16:40:09 cu-cs-vm kernel: [    0.000000] smpboot: Allowing 128 CPUs, 126 hotplug CPUs
Feb  4 16:40:09 cu-cs-vm kernel: [    0.000000] PM: Registered nosave memory: [mem 0x00000000-0x00000fff]
Feb  4 16:40:09 cu-cs-vm kernel: [    0.000000] PM: Registered nosave memory: [mem 0x0009e000-0x0009efff]
Feb  4 16:40:09 cu-cs-vm kernel: [    0.000000] PM: Registered nosave memory: [mem 0x0009f000-0x0009ffff]
Feb  4 16:40:09 cu-cs-vm kernel: [    0.000000] PM: Registered nosave memory: [mem 0x000a0000-0x000dbfff]
Feb  4 16:40:09 cu-cs-vm kernel: [    0.000000] PM: Registered nosave memory: [mem 0x000dc000-0x000fffff]
Feb  4 16:40:09 cu-cs-vm kernel: [    0.000000] PM: Registered nosave memory: [mem 0x7fee0000-0x7fefefff]
Feb  4 16:40:09 cu-cs-vm kernel: [    0.000000] PM: Registered nosave memory: [mem 0x7feff000-0x7fefffff]
Feb  4 16:40:09 cu-cs-vm kernel: [    0.000000] e820: [mem 0x80000000-0xefffffff] available for PCI devices
Feb  4 16:40:09 cu-cs-vm kernel: [    0.000000] Booting paravirtualized kernel on VMware hypervisor
Feb  4 16:40:09 cu-cs-vm kernel: [    0.000000] clocksource: refined-jiffies: mask: 0xffffffff max_cycles: 0xffffffff, max_idle_ns: 7645519600211568 ns
Feb  4 16:40:09 cu-cs-vm kernel: [    0.000000] setup_percpu: NR_CPUS:8192 nr_cpumask_bits:128 nr_cpu_ids:128 nr_node_ids:1
Feb  4 16:40:09 cu-cs-vm ModemManager[828]: <info>  ModemManager (version 1.4.12) starting in system bus...
Feb  4 16:40:09 cu-cs-vm kernel: [    0.000000] percpu: Embedded 45 pages/cpu @ffff98df3b600000 s145752 r8192 d30376 u262144
Feb  4 16:40:09 cu-cs-vm kernel: [    0.000000] pcpu-alloc: s145752 r8192 d30376 u262144 alloc=1*2097152
Feb  4 16:40:09 cu-cs-vm kernel: [    0.000000] pcpu-alloc: [0] 000 001 002 003 004 005 006 007 
Feb  4 16:40:09 cu-cs-vm kernel: [    0.000000] pcpu-alloc: [0] 008 009 010 011 012 013 014 015 
Feb  4 16:40:09 cu-cs-vm kernel: [    0.000000] pcpu-alloc: [0] 016 017 018 019 020 021 022 023 
Feb  4 16:40:09 cu-cs-vm kernel: [    0.000000] pcpu-alloc: [0] 024 025 026 027 028 029 030 031 
Feb  4 16:40:09 cu-cs-vm kernel: [    0.000000] pcpu-alloc: [0] 032 033 034 035 036 037 038 039 
Feb  4 16:40:09 cu-cs-vm kernel: [    0.000000] pcpu-alloc: [0] 040 041 042 043 044 045 046 047 
Feb  4 16:40:09 cu-cs-vm kernel: [    0.000000] pcpu-alloc: [0] 048 049 050 051 052 053 054 055 
Feb  4 16:40:09 cu-cs-vm kernel: [    0.000000] pcpu-alloc: [0] 056 057 058 059 060 061 062 063 
Feb  4 16:40:09 cu-cs-vm kernel: [    0.000000] pcpu-alloc: [0] 064 065 066 067 068 069 070 071 
Feb  4 16:40:09 cu-cs-vm kernel: [    0.000000] pcpu-alloc: [0] 072 073 074 075 076 077 078 079 
Feb  4 16:40:09 cu-cs-vm kernel: [    0.000000] pcpu-alloc: [0] 080 081 082 083 084 085 086 087 
Feb  4 16:40:09 cu-cs-vm kernel: [    0.000000] pcpu-alloc: [0] 088 089 090 091 092 093 094 095 
Feb  4 16:40:09 cu-cs-vm kernel: [    0.000000] pcpu-alloc: [0] 096 097 098 099 100 101 102 103 
Feb  4 16:40:09 cu-cs-vm kernel: [    0.000000] pcpu-alloc: [0] 104 105 106 107 108 109 110 111 
Feb  4 16:40:09 cu-cs-vm kernel: [    0.000000] pcpu-alloc: [0] 112 113 114 115 116 117 118 119 
Feb  4 16:40:09 cu-cs-vm kernel: [    0.000000] pcpu-alloc: [0] 120 121 122 123 124 125 126 127 
Feb  4 16:40:09 cu-cs-vm kernel: [    0.000000] Built 1 zonelists in Node order, mobility grouping on.  Total pages: 515944
Feb  4 16:40:09 cu-cs-vm kernel: [    0.000000] Policy zone: DMA32
Feb  4 16:40:09 cu-cs-vm kernel: [    0.000000] Kernel command line: BOOT_IMAGE=/@/boot/vmlinuz-4.13.13popcorn1 root=UUID=bb1213fd-aa15-420b-8d34-682b907abadc ro rootflags=subvol=@ crashkernel=384M-2G:128M,2G-:256M
Feb  4 16:40:09 cu-cs-vm kernel: [    0.000000] log_buf_len individual max cpu contribution: 4096 bytes
Feb  4 16:40:09 cu-cs-vm kernel: [    0.000000] log_buf_len total cpu_extra contributions: 520192 bytes
Feb  4 16:40:09 cu-cs-vm kernel: [    0.000000] log_buf_len min size: 262144 bytes
Feb  4 16:40:09 cu-cs-vm kernel: [    0.000000] log_buf_len: 1048576 bytes
Feb  4 16:40:09 cu-cs-vm kernel: [    0.000000] early log buf free: 236820(90%)
Feb  4 16:40:09 cu-cs-vm kernel: [    0.000000] PID hash table entries: 4096 (order: 3, 32768 bytes)
Feb  4 16:40:09 cu-cs-vm kernel: [    0.000000] Calgary: detecting Calgary via BIOS EBDA area
Feb  4 16:40:09 cu-cs-vm kernel: [    0.000000] Calgary: Unable to locate Rio Grande table in EBDA - bailing!
Feb  4 16:40:09 cu-cs-vm kernel: [    0.000000] Memory: 1853208K/2096628K available (12300K kernel code, 2363K rwdata, 3820K rodata, 2356K init, 2368K bss, 243420K reserved, 0K cma-reserved)
Feb  4 16:40:09 cu-cs-vm kernel: [    0.000000] SLUB: HWalign=64, Order=0-3, MinObjects=0, CPUs=128, Nodes=1
Feb  4 16:40:09 cu-cs-vm kernel: [    0.000000] Kernel/User page tables isolation: enabled
Feb  4 16:40:09 cu-cs-vm kernel: [    0.000000] ftrace: allocating 36974 entries in 145 pages
Feb  4 16:40:09 cu-cs-vm kernel: [    0.004000] Hierarchical RCU implementation.
Feb  4 16:40:09 cu-cs-vm kernel: [    0.004000] 	RCU restricting CPUs from NR_CPUS=8192 to nr_cpu_ids=128.
Feb  4 16:40:09 cu-cs-vm kernel: [    0.004000] RCU: Adjusting geometry for rcu_fanout_leaf=16, nr_cpu_ids=128
Feb  4 16:40:09 cu-cs-vm kernel: [    0.004000] NR_IRQS: 524544, nr_irqs: 1448, preallocated irqs: 16
Feb  4 16:40:09 cu-cs-vm kernel: [    0.004000] Console: colour VGA+ 80x25
Feb  4 16:40:09 cu-cs-vm kernel: [    0.004000] console [tty0] enabled
Feb  4 16:40:09 cu-cs-vm kernel: [    0.004016] tsc: Detected 1696.151 MHz processor
Feb  4 16:40:09 cu-cs-vm kernel: [    0.004124] Calibrating delay loop (skipped) preset value.. 3392.30 BogoMIPS (lpj=6784604)
Feb  4 16:40:09 cu-cs-vm kernel: [    0.004207] pid_max: default: 131072 minimum: 1024
Feb  4 16:40:09 cu-cs-vm kernel: [    0.004339] ACPI: Core revision 20170531
Feb  4 16:40:09 cu-cs-vm kernel: [    0.017341] ACPI: 1 ACPI AML tables successfully acquired and loaded
Feb  4 16:40:09 cu-cs-vm kernel: [    0.017600] Security Framework initialized
Feb  4 16:40:09 cu-cs-vm kernel: [    0.017708] Yama: becoming mindful.
Feb  4 16:40:09 cu-cs-vm kernel: [    0.017947] AppArmor: AppArmor initialized
Feb  4 16:40:09 cu-cs-vm kernel: [    0.027688] Dentry cache hash table entries: 262144 (order: 9, 2097152 bytes)
Feb  4 16:40:09 cu-cs-vm dbus[765]: [system] Activating via systemd: service name='org.freedesktop.PolicyKit1' unit='polkitd.service'
Feb  4 16:40:09 cu-cs-vm kernel: [    0.033352] Inode-cache hash table entries: 131072 (order: 8, 1048576 bytes)
Feb  4 16:40:09 cu-cs-vm kernel: [    0.033724] Mount-cache hash table entries: 4096 (order: 3, 32768 bytes)
Feb  4 16:40:09 cu-cs-vm kernel: [    0.034031] Mountpoint-cache hash table entries: 4096 (order: 3, 32768 bytes)
Feb  4 16:40:09 cu-cs-vm kernel: [    0.035446] Disabled fast string operations
Feb  4 16:40:09 cu-cs-vm kernel: [    0.035565] CPU: Physical Processor ID: 0
Feb  4 16:40:09 cu-cs-vm kernel: [    0.035675] FEATURE SPEC_CTRL Not Present
Feb  4 16:40:09 cu-cs-vm kernel: [    0.035779] mce: CPU supports 0 MCE banks
Feb  4 16:40:09 cu-cs-vm kernel: [    0.035894] Last level iTLB entries: 4KB 512, 2MB 8, 4MB 8
Feb  4 16:40:09 cu-cs-vm kernel: [    0.036007] Last level dTLB entries: 4KB 512, 2MB 32, 4MB 32, 1GB 0
Feb  4 16:40:09 cu-cs-vm kernel: [    0.036283] Freeing SMP alternatives memory: 32K
Feb  4 16:40:09 cu-cs-vm kernel: [    0.040971] smpboot: Max logical packages: 128
Feb  4 16:40:09 cu-cs-vm kernel: [    0.041387] x2apic enabled
Feb  4 16:40:09 cu-cs-vm kernel: [    0.042424] Switched APIC routing to physical x2apic.
Feb  4 16:40:09 cu-cs-vm kernel: [    0.044989] ..TIMER: vector=0x30 apic1=0 pin1=2 apic2=-1 pin2=-1
Feb  4 16:40:09 cu-cs-vm kernel: [    0.045779] TSC deadline timer enabled
Feb  4 16:40:09 cu-cs-vm kernel: [    0.045802] smpboot: CPU0: Intel(R) Core(TM) i5-3317U CPU @ 1.70GHz (family: 0x6, model: 0x3a, stepping: 0x9)
Feb  4 16:40:09 cu-cs-vm kernel: [    0.047955] Performance Events: IvyBridge events, core PMU driver.
Feb  4 16:40:09 cu-cs-vm kernel: [    0.048000] core: CPUID marked event: 'cpu cycles' unavailable
Feb  4 16:40:09 cu-cs-vm kernel: [    0.048023] core: CPUID marked event: 'instructions' unavailable
Feb  4 16:40:09 cu-cs-vm kernel: [    0.048714] core: CPUID marked event: 'bus cycles' unavailable
Feb  4 16:40:09 cu-cs-vm kernel: [    0.049357] core: CPUID marked event: 'cache references' unavailable
Feb  4 16:40:09 cu-cs-vm kernel: [    0.050016] core: CPUID marked event: 'cache misses' unavailable
Feb  4 16:40:09 cu-cs-vm kernel: [    0.050664] core: CPUID marked event: 'branch instructions' unavailable
Feb  4 16:40:09 cu-cs-vm kernel: [    0.051398] core: CPUID marked event: 'branch misses' unavailable
Feb  4 16:40:09 cu-cs-vm kernel: [    0.052025] ... version:                1
Feb  4 16:40:09 cu-cs-vm kernel: [    0.052584] ... bit width:              48
Feb  4 16:40:09 cu-cs-vm kernel: [    0.053136] ... generic registers:      4
Feb  4 16:40:09 cu-cs-vm kernel: [    0.053681] ... value mask:             0000ffffffffffff
Feb  4 16:40:09 cu-cs-vm kernel: [    0.054294] ... max period:             000000007fffffff
Feb  4 16:40:09 cu-cs-vm kernel: [    0.054943] ... fixed-purpose events:   0
Feb  4 16:40:09 cu-cs-vm kernel: [    0.055493] ... event mask:             000000000000000f
Feb  4 16:40:09 cu-cs-vm kernel: [    0.056225] Hierarchical SRCU implementation.
Feb  4 16:40:09 cu-cs-vm kernel: [    0.064049] NMI watchdog: disabled (cpu0): hardware events not enabled
Feb  4 16:40:09 cu-cs-vm kernel: [    0.064801] NMI watchdog: Shutting down hard lockup detector on all cpus
Feb  4 16:40:09 cu-cs-vm kernel: [    0.074882] smp: Bringing up secondary CPUs ...
Feb  4 16:40:09 cu-cs-vm kernel: [    0.076651] x86: Booting SMP configuration:
Feb  4 16:40:09 cu-cs-vm kernel: [    0.077546] .... node  #0, CPUs:          #1
Feb  4 16:40:09 cu-cs-vm kernel: [    0.004000] Disabled fast string operations
Feb  4 16:40:09 cu-cs-vm kernel: [    0.004000] mce: CPU supports 0 MCE banks
Feb  4 16:40:09 cu-cs-vm kernel: [    0.004000] smpboot: CPU 1 Converting physical 2 to logical package 1
Feb  4 16:40:09 cu-cs-vm kernel: [    0.080145] smp: Brought up 1 node, 2 CPUs
Feb  4 16:40:09 cu-cs-vm kernel: [    0.080998] smpboot: Total of 2 processors activated (6784.60 BogoMIPS)
Feb  4 16:40:09 cu-cs-vm kernel: [    0.085042] devtmpfs: initialized
Feb  4 16:40:09 cu-cs-vm kernel: [    0.085042] x86/mm: Memory block size: 128MB
Feb  4 16:40:09 cu-cs-vm kernel: [    0.085262] evm: security.selinux
Feb  4 16:40:09 cu-cs-vm kernel: [    0.085410] evm: security.SMACK64
Feb  4 16:40:09 cu-cs-vm kernel: [    0.085551] evm: security.SMACK64EXEC
Feb  4 16:40:09 cu-cs-vm kernel: [    0.085699] evm: security.SMACK64TRANSMUTE
Feb  4 16:40:09 cu-cs-vm kernel: [    0.088023] evm: security.SMACK64MMAP
Feb  4 16:40:09 cu-cs-vm kernel: [    0.088146] evm: security.ima
Feb  4 16:40:09 cu-cs-vm kernel: [    0.088244] evm: security.capability
Feb  4 16:40:09 cu-cs-vm kernel: [    0.088687] PM: Registering ACPI NVS region [mem 0x7feff000-0x7fefffff] (4096 bytes)
Feb  4 16:40:09 cu-cs-vm kernel: [    0.088687] clocksource: jiffies: mask: 0xffffffff max_cycles: 0xffffffff, max_idle_ns: 7645041785100000 ns
Feb  4 16:40:09 cu-cs-vm kernel: [    0.088945] futex hash table entries: 32768 (order: 9, 2097152 bytes)
Feb  4 16:40:09 cu-cs-vm kernel: [    0.099361] pinctrl core: initialized pinctrl subsystem
Feb  4 16:40:09 cu-cs-vm kernel: [    0.099908] RTC time: 23:40:01, date: 02/04/18
Feb  4 16:40:09 cu-cs-vm kernel: [    0.100418] NET: Registered protocol family 16
Feb  4 16:40:09 cu-cs-vm kernel: [    0.101004] cpuidle: using governor ladder
Feb  4 16:40:09 cu-cs-vm kernel: [    0.101004] cpuidle: using governor menu
Feb  4 16:40:09 cu-cs-vm kernel: [    0.101004] PCCT header not found.
Feb  4 16:40:09 cu-cs-vm kernel: [    0.101004] Simple Boot Flag at 0x36 set to 0x80
Feb  4 16:40:09 cu-cs-vm kernel: [    0.101004] ACPI: bus type PCI registered
Feb  4 16:40:09 cu-cs-vm kernel: [    0.101004] acpiphp: ACPI Hot Plug PCI Controller Driver version: 0.5
Feb  4 16:40:09 cu-cs-vm kernel: [    0.101011] PCI: MMCONFIG for domain 0000 [bus 00-7f] at [mem 0xf0000000-0xf7ffffff] (base 0xf0000000)
Feb  4 16:40:09 cu-cs-vm kernel: [    0.101213] PCI: MMCONFIG at [mem 0xf0000000-0xf7ffffff] reserved in E820
Feb  4 16:40:09 cu-cs-vm kernel: [    0.101407] PCI: Using configuration type 1 for base access
Feb  4 16:40:09 cu-cs-vm kernel: [    0.101638] core: PMU erratum BJ122, BV98, HSD29 workaround disabled, HT off
Feb  4 16:40:09 cu-cs-vm kernel: [    0.105300] HugeTLB registered 2.00 MiB page size, pre-allocated 0 pages
Feb  4 16:40:09 cu-cs-vm kernel: [    0.105300] ACPI: Added _OSI(Module Device)
Feb  4 16:40:09 cu-cs-vm kernel: [    0.105300] ACPI: Added _OSI(Processor Device)
Feb  4 16:40:09 cu-cs-vm kernel: [    0.108011] ACPI: Added _OSI(3.0 _SCP Extensions)
Feb  4 16:40:09 cu-cs-vm kernel: [    0.108114] ACPI: Added _OSI(Processor Aggregator Device)
Feb  4 16:40:09 cu-cs-vm kernel: [    0.113244] ACPI: [Firmware Bug]: BIOS _OSI(Linux) query ignored
Feb  4 16:40:09 cu-cs-vm kernel: [    0.137891] ACPI: Interpreter enabled
Feb  4 16:40:09 cu-cs-vm kernel: [    0.138055] ACPI: (supports S0 S1 S4 S5)
Feb  4 16:40:09 cu-cs-vm kernel: [    0.138155] ACPI: Using IOAPIC for interrupt routing
Feb  4 16:40:09 cu-cs-vm kernel: [    0.138293] PCI: Using host bridge windows from ACPI; if necessary, use "pci=nocrs" and report a bug
Feb  4 16:40:09 cu-cs-vm kernel: [    0.139211] ACPI: Enabled 4 GPEs in block 00 to 0F
Feb  4 16:40:09 cu-cs-vm kernel: [    0.279558] ACPI: PCI Root Bridge [PCI0] (domain 0000 [bus 00-7f])
Feb  4 16:40:09 cu-cs-vm kernel: [    0.279826] acpi PNP0A03:00: _OSC: OS supports [ExtendedConfig ASPM ClockPM Segments MSI]
Feb  4 16:40:09 cu-cs-vm kernel: [    0.280334] acpi PNP0A03:00: _OSC: platform does not support [AER]
Feb  4 16:40:09 cu-cs-vm kernel: [    0.280811] acpi PNP0A03:00: _OSC: OS now controls [PCIeHotplug PME PCIeCapability]
Feb  4 16:40:09 cu-cs-vm kernel: [    0.284518] PCI host bridge to bus 0000:00
Feb  4 16:40:09 cu-cs-vm kernel: [    0.284685] pci_bus 0000:00: root bus resource [mem 0x000a0000-0x000bffff window]
Feb  4 16:40:09 cu-cs-vm kernel: [    0.284993] pci_bus 0000:00: root bus resource [mem 0x000cc000-0x000cffff window]
Feb  4 16:40:09 cu-cs-vm kernel: [    0.285264] pci_bus 0000:00: root bus resource [mem 0x000d0000-0x000d3fff window]
Feb  4 16:40:09 cu-cs-vm kernel: [    0.285534] pci_bus 0000:00: root bus resource [mem 0x000d4000-0x000d7fff window]
Feb  4 16:40:09 cu-cs-vm kernel: [    0.285804] pci_bus 0000:00: root bus resource [mem 0x000d8000-0x000dbfff window]
Feb  4 16:40:09 cu-cs-vm kernel: [    0.286075] pci_bus 0000:00: root bus resource [mem 0xc0000000-0xfebfffff window]
Feb  4 16:40:09 cu-cs-vm kernel: [    0.286345] pci_bus 0000:00: root bus resource [io  0x0000-0x0cf7 window]
Feb  4 16:40:09 cu-cs-vm kernel: [    0.286527] pci_bus 0000:00: root bus resource [io  0x0d00-0xfeff window]
Feb  4 16:40:09 cu-cs-vm kernel: [    0.286749] pci_bus 0000:00: root bus resource [bus 00-7f]
Feb  4 16:40:09 cu-cs-vm kernel: [    0.287112] pci 0000:00:00.0: [8086:7190] type 00 class 0x060000
Feb  4 16:40:09 cu-cs-vm kernel: [    0.288945] pci 0000:00:01.0: [8086:7191] type 01 class 0x060400
Feb  4 16:40:09 cu-cs-vm kernel: [    0.290350] pci 0000:00:07.0: [8086:7110] type 00 class 0x060100
Feb  4 16:40:09 cu-cs-vm kernel: [    0.292048] pci 0000:00:07.1: [8086:7111] type 00 class 0x01018a
Feb  4 16:40:09 cu-cs-vm kernel: [    0.295840] pci 0000:00:07.1: reg 0x20: [io  0x1060-0x106f]
Feb  4 16:40:09 cu-cs-vm kernel: [    0.297113] pci 0000:00:07.1: legacy IDE quirk: reg 0x10: [io  0x01f0-0x01f7]
Feb  4 16:40:09 cu-cs-vm kernel: [    0.297331] pci 0000:00:07.1: legacy IDE quirk: reg 0x14: [io  0x03f6]
Feb  4 16:40:09 cu-cs-vm kernel: [    0.297509] pci 0000:00:07.1: legacy IDE quirk: reg 0x18: [io  0x0170-0x0177]
Feb  4 16:40:09 cu-cs-vm kernel: [    0.297727] pci 0000:00:07.1: legacy IDE quirk: reg 0x1c: [io  0x0376]
Feb  4 16:40:09 cu-cs-vm kernel: [    0.298642] pci 0000:00:07.3: [8086:7113] type 00 class 0x068000
Feb  4 16:40:09 cu-cs-vm kernel: [    0.303629] pci 0000:00:07.3: quirk: [io  0x1000-0x103f] claimed by PIIX4 ACPI
Feb  4 16:40:09 cu-cs-vm kernel: [    0.304070] pci 0000:00:07.3: quirk: [io  0x1040-0x104f] claimed by PIIX4 SMB
Feb  4 16:40:09 cu-cs-vm kernel: [    0.305340] pci 0000:00:07.7: [15ad:0740] type 00 class 0x088000
Feb  4 16:40:09 cu-cs-vm kernel: [    0.307208] pci 0000:00:07.7: reg 0x10: [io  0x1080-0x10bf]
Feb  4 16:40:09 cu-cs-vm kernel: [    0.310433] pci 0000:00:07.7: reg 0x14: [mem 0xfebfe000-0xfebfffff 64bit]
Feb  4 16:40:09 cu-cs-vm kernel: [    0.318413] pci 0000:00:0f.0: [15ad:0405] type 00 class 0x030000
Feb  4 16:40:09 cu-cs-vm kernel: [    0.322134] pci 0000:00:0f.0: reg 0x10: [io  0x1070-0x107f]
Feb  4 16:40:09 cu-cs-vm kernel: [    0.326665] pci 0000:00:0f.0: reg 0x14: [mem 0xe8000000-0xefffffff pref]
Feb  4 16:40:09 cu-cs-vm kernel: [    0.330143] pci 0000:00:0f.0: reg 0x18: [mem 0xfe000000-0xfe7fffff]
Feb  4 16:40:09 cu-cs-vm kernel: [    0.346104] pci 0000:00:0f.0: reg 0x30: [mem 0x00000000-0x00007fff pref]
Feb  4 16:40:09 cu-cs-vm kernel: [    0.346822] pci 0000:00:11.0: [15ad:0790] type 01 class 0x060401
Feb  4 16:40:09 cu-cs-vm kernel: [    0.347878] pci 0000:00:15.0: [15ad:07a0] type 01 class 0x060400
Feb  4 16:40:09 cu-cs-vm kernel: [    0.348830] pci 0000:00:15.0: PME# supported from D0 D3hot D3cold
Feb  4 16:40:09 cu-cs-vm kernel: [    0.349234] pci 0000:00:15.1: [15ad:07a0] type 01 class 0x060400
Feb  4 16:40:09 cu-cs-vm kernel: [    0.350186] pci 0000:00:15.1: PME# supported from D0 D3hot D3cold
Feb  4 16:40:09 cu-cs-vm kernel: [    0.350641] pci 0000:00:15.2: [15ad:07a0] type 01 class 0x060400
Feb  4 16:40:09 cu-cs-vm kernel: [    0.351611] pci 0000:00:15.2: PME# supported from D0 D3hot D3cold
Feb  4 16:40:09 cu-cs-vm kernel: [    0.352060] pci 0000:00:15.3: [15ad:07a0] type 01 class 0x060400
Feb  4 16:40:09 cu-cs-vm kernel: [    0.353002] pci 0000:00:15.3: PME# supported from D0 D3hot D3cold
Feb  4 16:40:09 cu-cs-vm kernel: [    0.353470] pci 0000:00:15.4: [15ad:07a0] type 01 class 0x060400
Feb  4 16:40:09 cu-cs-vm kernel: [    0.354453] pci 0000:00:15.4: PME# supported from D0 D3hot D3cold
Feb  4 16:40:09 cu-cs-vm kernel: [    0.354928] pci 0000:00:15.5: [15ad:07a0] type 01 class 0x060400
Feb  4 16:40:09 cu-cs-vm kernel: [    0.355905] pci 0000:00:15.5: PME# supported from D0 D3hot D3cold
Feb  4 16:40:09 cu-cs-vm kernel: [    0.356442] pci 0000:00:15.6: [15ad:07a0] type 01 class 0x060400
Feb  4 16:40:09 cu-cs-vm kernel: [    0.357382] pci 0000:00:15.6: PME# supported from D0 D3hot D3cold
Feb  4 16:40:09 cu-cs-vm kernel: [    0.357818] pci 0000:00:15.7: [15ad:07a0] type 01 class 0x060400
Feb  4 16:40:09 cu-cs-vm kernel: [    0.358777] pci 0000:00:15.7: PME# supported from D0 D3hot D3cold
Feb  4 16:40:09 cu-cs-vm kernel: [    0.359285] pci 0000:00:16.0: [15ad:07a0] type 01 class 0x060400
Feb  4 16:40:09 cu-cs-vm kernel: [    0.360238] pci 0000:00:16.0: PME# supported from D0 D3hot D3cold
Feb  4 16:40:09 cu-cs-vm kernel: [    0.360679] pci 0000:00:16.1: [15ad:07a0] type 01 class 0x060400
Feb  4 16:40:09 cu-cs-vm kernel: [    0.361618] pci 0000:00:16.1: PME# supported from D0 D3hot D3cold
Feb  4 16:40:09 cu-cs-vm kernel: [    0.362009] pci 0000:00:16.2: [15ad:07a0] type 01 class 0x060400
Feb  4 16:40:09 cu-cs-vm kernel: [    0.362970] pci 0000:00:16.2: PME# supported from D0 D3hot D3cold
Feb  4 16:40:09 cu-cs-vm kernel: [    0.363443] pci 0000:00:16.3: [15ad:07a0] type 01 class 0x060400
Feb  4 16:40:09 cu-cs-vm kernel: [    0.364397] pci 0000:00:16.3: PME# supported from D0 D3hot D3cold
Feb  4 16:40:09 cu-cs-vm kernel: [    0.364859] pci 0000:00:16.4: [15ad:07a0] type 01 class 0x060400
Feb  4 16:40:09 cu-cs-vm kernel: [    0.365803] pci 0000:00:16.4: PME# supported from D0 D3hot D3cold
Feb  4 16:40:09 cu-cs-vm kernel: [    0.366241] pci 0000:00:16.5: [15ad:07a0] type 01 class 0x060400
Feb  4 16:40:09 cu-cs-vm kernel: [    0.367201] pci 0000:00:16.5: PME# supported from D0 D3hot D3cold
Feb  4 16:40:09 cu-cs-vm kernel: [    0.367779] pci 0000:00:16.6: [15ad:07a0] type 01 class 0x060400
Feb  4 16:40:09 cu-cs-vm kernel: [    0.368734] pci 0000:00:16.6: PME# supported from D0 D3hot D3cold
Feb  4 16:40:09 cu-cs-vm kernel: [    0.369199] pci 0000:00:16.7: [15ad:07a0] type 01 class 0x060400
Feb  4 16:40:09 cu-cs-vm kernel: [    0.370137] pci 0000:00:16.7: PME# supported from D0 D3hot D3cold
Feb  4 16:40:09 cu-cs-vm kernel: [    0.370569] pci 0000:00:17.0: [15ad:07a0] type 01 class 0x060400
Feb  4 16:40:09 cu-cs-vm kernel: [    0.371557] pci 0000:00:17.0: PME# supported from D0 D3hot D3cold
Feb  4 16:40:09 cu-cs-vm kernel: [    0.372007] pci 0000:00:17.1: [15ad:07a0] type 01 class 0x060400
Feb  4 16:40:09 cu-cs-vm kernel: [    0.372951] pci 0000:00:17.1: PME# supported from D0 D3hot D3cold
Feb  4 16:40:09 cu-cs-vm kernel: [    0.373347] pci 0000:00:17.2: [15ad:07a0] type 01 class 0x060400
Feb  4 16:40:09 cu-cs-vm kernel: [    0.374286] pci 0000:00:17.2: PME# supported from D0 D3hot D3cold
Feb  4 16:40:09 cu-cs-vm kernel: [    0.374745] pci 0000:00:17.3: [15ad:07a0] type 01 class 0x060400
Feb  4 16:40:09 cu-cs-vm kernel: [    0.375718] pci 0000:00:17.3: PME# supported from D0 D3hot D3cold
Feb  4 16:40:09 cu-cs-vm kernel: [    0.376159] pci 0000:00:17.4: [15ad:07a0] type 01 class 0x060400
Feb  4 16:40:09 cu-cs-vm kernel: [    0.377105] pci 0000:00:17.4: PME# supported from D0 D3hot D3cold
Feb  4 16:40:09 cu-cs-vm kernel: [    0.377548] pci 0000:00:17.5: [15ad:07a0] type 01 class 0x060400
Feb  4 16:40:09 cu-cs-vm kernel: [    0.378502] pci 0000:00:17.5: PME# supported from D0 D3hot D3cold
Feb  4 16:40:09 cu-cs-vm kernel: [    0.379194] pci 0000:00:17.6: [15ad:07a0] type 01 class 0x060400
Feb  4 16:40:09 cu-cs-vm kernel: [    0.380184] pci 0000:00:17.6: PME# supported from D0 D3hot D3cold
Feb  4 16:40:09 cu-cs-vm kernel: [    0.380625] pci 0000:00:17.7: [15ad:07a0] type 01 class 0x060400
Feb  4 16:40:09 cu-cs-vm kernel: [    0.381589] pci 0000:00:17.7: PME# supported from D0 D3hot D3cold
Feb  4 16:40:09 cu-cs-vm kernel: [    0.382072] pci 0000:00:18.0: [15ad:07a0] type 01 class 0x060400
Feb  4 16:40:09 cu-cs-vm kernel: [    0.383058] pci 0000:00:18.0: PME# supported from D0 D3hot D3cold
Feb  4 16:40:09 cu-cs-vm kernel: [    0.383591] pci 0000:00:18.1: [15ad:07a0] type 01 class 0x060400
Feb  4 16:40:09 cu-cs-vm kernel: [    0.384548] pci 0000:00:18.1: PME# supported from D0 D3hot D3cold
Feb  4 16:40:09 cu-cs-vm kernel: [    0.385034] pci 0000:00:18.2: [15ad:07a0] type 01 class 0x060400
Feb  4 16:40:09 cu-cs-vm kernel: [    0.386158] pci 0000:00:18.2: PME# supported from D0 D3hot D3cold
Feb  4 16:40:09 cu-cs-vm kernel: [    0.386706] pci 0000:00:18.3: [15ad:07a0] type 01 class 0x060400
Feb  4 16:40:09 cu-cs-vm kernel: [    0.387930] pci 0000:00:18.3: PME# supported from D0 D3hot D3cold
Feb  4 16:40:09 cu-cs-vm kernel: [    0.388584] pci 0000:00:18.4: [15ad:07a0] type 01 class 0x060400
Feb  4 16:40:09 cu-cs-vm kernel: [    0.389782] pci 0000:00:18.4: PME# supported from D0 D3hot D3cold
Feb  4 16:40:09 cu-cs-vm kernel: [    0.390437] pci 0000:00:18.5: [15ad:07a0] type 01 class 0x060400
Feb  4 16:40:09 cu-cs-vm kernel: [    0.391685] pci 0000:00:18.5: PME# supported from D0 D3hot D3cold
Feb  4 16:40:09 cu-cs-vm kernel: [    0.392481] pci 0000:00:18.6: [15ad:07a0] type 01 class 0x060400
Feb  4 16:40:09 cu-cs-vm kernel: [    0.393683] pci 0000:00:18.6: PME# supported from D0 D3hot D3cold
Feb  4 16:40:09 cu-cs-vm kernel: [    0.394246] pci 0000:00:18.7: [15ad:07a0] type 01 class 0x060400
Feb  4 16:40:09 cu-cs-vm kernel: [    0.395530] pci 0000:00:18.7: PME# supported from D0 D3hot D3cold
Feb  4 16:40:09 cu-cs-vm kernel: [    0.396748] pci 0000:00:01.0: PCI bridge to [bus 01]
Feb  4 16:40:09 cu-cs-vm kernel: [    0.397781] acpiphp: Slot [32] registered
Feb  4 16:40:09 cu-cs-vm kernel: [    0.397954] acpiphp: Slot [33] registered
Feb  4 16:40:09 cu-cs-vm kernel: [    0.398123] acpiphp: Slot [34] registered
Feb  4 16:40:09 cu-cs-vm kernel: [    0.398290] acpiphp: Slot [35] registered
Feb  4 16:40:09 cu-cs-vm kernel: [    0.398455] acpiphp: Slot [36] registered
Feb  4 16:40:09 cu-cs-vm kernel: [    0.398625] acpiphp: Slot [37] registered
Feb  4 16:40:09 cu-cs-vm kernel: [    0.398793] acpiphp: Slot [38] registered
Feb  4 16:40:09 cu-cs-vm kernel: [    0.398961] acpiphp: Slot [39] registered
Feb  4 16:40:09 cu-cs-vm kernel: [    0.399171] acpiphp: Slot [40] registered
Feb  4 16:40:09 cu-cs-vm kernel: [    0.399359] acpiphp: Slot [41] registered
Feb  4 16:40:09 cu-cs-vm kernel: [    0.399525] acpiphp: Slot [42] registered
Feb  4 16:40:09 cu-cs-vm kernel: [    0.399753] acpiphp: Slot [43] registered
Feb  4 16:40:09 cu-cs-vm kernel: [    0.399919] acpiphp: Slot [44] registered
Feb  4 16:40:09 cu-cs-vm kernel: [    0.400046] acpiphp: Slot [45] registered
Feb  4 16:40:09 cu-cs-vm kernel: [    0.400241] acpiphp: Slot [46] registered
Feb  4 16:40:09 cu-cs-vm kernel: [    0.400408] acpiphp: Slot [47] registered
Feb  4 16:40:09 cu-cs-vm kernel: [    0.400598] acpiphp: Slot [48] registered
Feb  4 16:40:09 cu-cs-vm kernel: [    0.400755] acpiphp: Slot [49] registered
Feb  4 16:40:09 cu-cs-vm kernel: [    0.400928] acpiphp: Slot [50] registered
Feb  4 16:40:09 cu-cs-vm kernel: [    0.401060] acpiphp: Slot [51] registered
Feb  4 16:40:09 cu-cs-vm kernel: [    0.401185] acpiphp: Slot [52] registered
Feb  4 16:40:09 cu-cs-vm kernel: [    0.401310] acpiphp: Slot [53] registered
Feb  4 16:40:09 cu-cs-vm kernel: [    0.401433] acpiphp: Slot [54] registered
Feb  4 16:40:09 cu-cs-vm kernel: [    0.401559] acpiphp: Slot [55] registered
Feb  4 16:40:09 cu-cs-vm kernel: [    0.401683] acpiphp: Slot [56] registered
Feb  4 16:40:09 cu-cs-vm kernel: [    0.401857] acpiphp: Slot [57] registered
Feb  4 16:40:09 cu-cs-vm kernel: [    0.401982] acpiphp: Slot [58] registered
Feb  4 16:40:09 cu-cs-vm kernel: [    0.402106] acpiphp: Slot [59] registered
Feb  4 16:40:09 cu-cs-vm kernel: [    0.402232] acpiphp: Slot [60] registered
Feb  4 16:40:09 cu-cs-vm kernel: [    0.402358] acpiphp: Slot [61] registered
Feb  4 16:40:09 cu-cs-vm kernel: [    0.402483] acpiphp: Slot [62] registered
Feb  4 16:40:09 cu-cs-vm kernel: [    0.402608] acpiphp: Slot [63] registered
Feb  4 16:40:09 cu-cs-vm kernel: [    0.402808] pci 0000:02:00.0: [15ad:0774] type 00 class 0x0c0300
Feb  4 16:40:09 cu-cs-vm kernel: [    0.404742] pci 0000:02:00.0: reg 0x20: [io  0x2040-0x205f]
Feb  4 16:40:09 cu-cs-vm kernel: [    0.406135] pci 0000:02:01.0: [8086:100f] type 00 class 0x020000
Feb  4 16:40:09 cu-cs-vm kernel: [    0.408014] pci 0000:02:01.0: reg 0x10: [mem 0xfd5c0000-0xfd5dffff 64bit]
Feb  4 16:40:09 cu-cs-vm kernel: [    0.410261] pci 0000:02:01.0: reg 0x18: [mem 0xfdff0000-0xfdffffff 64bit]
Feb  4 16:40:09 cu-cs-vm kernel: [    0.413020] pci 0000:02:01.0: reg 0x20: [io  0x2000-0x203f]
Feb  4 16:40:09 cu-cs-vm kernel: [    0.417938] pci 0000:02:01.0: reg 0x30: [mem 0x00000000-0x0000ffff pref]
Feb  4 16:40:09 cu-cs-vm kernel: [    0.418347] pci 0000:02:01.0: PME# supported from D0 D3hot D3cold
Feb  4 16:40:09 cu-cs-vm kernel: [    0.418697] pci 0000:02:02.0: [15ad:0770] type 00 class 0x0c0320
Feb  4 16:40:09 cu-cs-vm kernel: [    0.419622] pci 0000:02:02.0: reg 0x10: [mem 0xfd5ef000-0xfd5effff]
Feb  4 16:40:09 cu-cs-vm kernel: [    0.425090] pci 0000:02:04.0: [15ad:07e0] type 00 class 0x010601
Feb  4 16:40:09 cu-cs-vm kernel: [    0.430028] pci 0000:02:04.0: reg 0x24: [mem 0xfd5ee000-0xfd5eefff]
Feb  4 16:40:09 cu-cs-vm kernel: [    0.430834] pci 0000:02:04.0: reg 0x30: [mem 0x00000000-0x0000ffff pref]
Feb  4 16:40:09 cu-cs-vm kernel: [    0.431373] pci 0000:02:04.0: PME# supported from D3hot
Feb  4 16:40:09 cu-cs-vm kernel: [    0.432039] pci 0000:00:11.0: PCI bridge to [bus 02] (subtractive decode)
Feb  4 16:40:09 cu-cs-vm kernel: [    0.432215] pci 0000:00:11.0:   bridge window [io  0x2000-0x3fff]
Feb  4 16:40:09 cu-cs-vm kernel: [    0.432243] pci 0000:00:11.0:   bridge window [mem 0xfd500000-0xfdffffff]
Feb  4 16:40:09 cu-cs-vm kernel: [    0.432294] pci 0000:00:11.0:   bridge window [mem 0xe7b00000-0xe7ffffff 64bit pref]
Feb  4 16:40:09 cu-cs-vm kernel: [    0.432296] pci 0000:00:11.0:   bridge window [mem 0x000a0000-0x000bffff window] (subtractive decode)
Feb  4 16:40:09 cu-cs-vm kernel: [    0.432298] pci 0000:00:11.0:   bridge window [mem 0x000cc000-0x000cffff window] (subtractive decode)
Feb  4 16:40:09 cu-cs-vm kernel: [    0.432299] pci 0000:00:11.0:   bridge window [mem 0x000d0000-0x000d3fff window] (subtractive decode)
Feb  4 16:40:09 cu-cs-vm kernel: [    0.432300] pci 0000:00:11.0:   bridge window [mem 0x000d4000-0x000d7fff window] (subtractive decode)
Feb  4 16:40:09 cu-cs-vm kernel: [    0.432301] pci 0000:00:11.0:   bridge window [mem 0x000d8000-0x000dbfff window] (subtractive decode)
Feb  4 16:40:09 cu-cs-vm kernel: [    0.432302] pci 0000:00:11.0:   bridge window [mem 0xc0000000-0xfebfffff window] (subtractive decode)
Feb  4 16:40:09 cu-cs-vm kernel: [    0.432303] pci 0000:00:11.0:   bridge window [io  0x0000-0x0cf7 window] (subtractive decode)
Feb  4 16:40:09 cu-cs-vm kernel: [    0.432304] pci 0000:00:11.0:   bridge window [io  0x0d00-0xfeff window] (subtractive decode)
Feb  4 16:40:09 cu-cs-vm kernel: [    0.432878] pci 0000:00:15.0: PCI bridge to [bus 03]
Feb  4 16:40:09 cu-cs-vm kernel: [    0.433014] pci 0000:00:15.0:   bridge window [io  0x4000-0x4fff]
Feb  4 16:40:09 cu-cs-vm kernel: [    0.433062] pci 0000:00:15.0:   bridge window [mem 0xfd400000-0xfd4fffff]
Feb  4 16:40:09 cu-cs-vm kernel: [    0.433116] pci 0000:00:15.0:   bridge window [mem 0xe7a00000-0xe7afffff 64bit pref]
Feb  4 16:40:09 cu-cs-vm kernel: [    0.433523] pci 0000:00:15.1: PCI bridge to [bus 04]
Feb  4 16:40:09 cu-cs-vm kernel: [    0.433660] pci 0000:00:15.1:   bridge window [io  0x8000-0x8fff]
Feb  4 16:40:09 cu-cs-vm kernel: [    0.433687] pci 0000:00:15.1:   bridge window [mem 0xfd000000-0xfd0fffff]
Feb  4 16:40:09 cu-cs-vm kernel: [    0.433739] pci 0000:00:15.1:   bridge window [mem 0xe7600000-0xe76fffff 64bit pref]
Feb  4 16:40:09 cu-cs-vm kernel: [    0.434199] pci 0000:00:15.2: PCI bridge to [bus 05]
Feb  4 16:40:09 cu-cs-vm kernel: [    0.434335] pci 0000:00:15.2:   bridge window [io  0xc000-0xcfff]
Feb  4 16:40:09 cu-cs-vm kernel: [    0.434362] pci 0000:00:15.2:   bridge window [mem 0xfcc00000-0xfccfffff]
Feb  4 16:40:09 cu-cs-vm kernel: [    0.434413] pci 0000:00:15.2:   bridge window [mem 0xe7200000-0xe72fffff 64bit pref]
Feb  4 16:40:09 cu-cs-vm kernel: [    0.434816] pci 0000:00:15.3: PCI bridge to [bus 06]
Feb  4 16:40:09 cu-cs-vm kernel: [    0.434977] pci 0000:00:15.3:   bridge window [mem 0xfc800000-0xfc8fffff]
Feb  4 16:40:09 cu-cs-vm kernel: [    0.435034] pci 0000:00:15.3:   bridge window [mem 0xe6e00000-0xe6efffff 64bit pref]
Feb  4 16:40:09 cu-cs-vm kernel: [    0.435429] pci 0000:00:15.4: PCI bridge to [bus 07]
Feb  4 16:40:09 cu-cs-vm kernel: [    0.435589] pci 0000:00:15.4:   bridge window [mem 0xfc400000-0xfc4fffff]
Feb  4 16:40:09 cu-cs-vm kernel: [    0.435640] pci 0000:00:15.4:   bridge window [mem 0xe6a00000-0xe6afffff 64bit pref]
Feb  4 16:40:09 cu-cs-vm kernel: [    0.436081] pci 0000:00:15.5: PCI bridge to [bus 08]
Feb  4 16:40:09 cu-cs-vm kernel: [    0.436265] pci 0000:00:15.5:   bridge window [mem 0xfc000000-0xfc0fffff]
Feb  4 16:40:09 cu-cs-vm kernel: [    0.436316] pci 0000:00:15.5:   bridge window [mem 0xe6600000-0xe66fffff 64bit pref]
Feb  4 16:40:09 cu-cs-vm kernel: [    0.436714] pci 0000:00:15.6: PCI bridge to [bus 09]
Feb  4 16:40:09 cu-cs-vm kernel: [    0.436873] pci 0000:00:15.6:   bridge window [mem 0xfbc00000-0xfbcfffff]
Feb  4 16:40:09 cu-cs-vm kernel: [    0.436924] pci 0000:00:15.6:   bridge window [mem 0xe6200000-0xe62fffff 64bit pref]
Feb  4 16:40:09 cu-cs-vm kernel: [    0.437357] pci 0000:00:15.7: PCI bridge to [bus 0a]
Feb  4 16:40:09 cu-cs-vm kernel: [    0.437518] pci 0000:00:15.7:   bridge window [mem 0xfb800000-0xfb8fffff]
Feb  4 16:40:09 cu-cs-vm kernel: [    0.437570] pci 0000:00:15.7:   bridge window [mem 0xe5e00000-0xe5efffff 64bit pref]
Feb  4 16:40:09 cu-cs-vm kernel: [    0.438016] pci 0000:00:16.0: PCI bridge to [bus 0b]
Feb  4 16:40:09 cu-cs-vm kernel: [    0.438151] pci 0000:00:16.0:   bridge window [io  0x5000-0x5fff]
Feb  4 16:40:09 cu-cs-vm kernel: [    0.438178] pci 0000:00:16.0:   bridge window [mem 0xfd300000-0xfd3fffff]
Feb  4 16:40:09 cu-cs-vm kernel: [    0.438230] pci 0000:00:16.0:   bridge window [mem 0xe7900000-0xe79fffff 64bit pref]
Feb  4 16:40:09 cu-cs-vm kernel: [    0.438671] pci 0000:00:16.1: PCI bridge to [bus 0c]
Feb  4 16:40:09 cu-cs-vm kernel: [    0.438811] pci 0000:00:16.1:   bridge window [io  0x9000-0x9fff]
Feb  4 16:40:09 cu-cs-vm kernel: [    0.438839] pci 0000:00:16.1:   bridge window [mem 0xfcf00000-0xfcffffff]
Feb  4 16:40:09 cu-cs-vm kernel: [    0.438895] pci 0000:00:16.1:   bridge window [mem 0xe7500000-0xe75fffff 64bit pref]
Feb  4 16:40:09 cu-cs-vm kernel: [    0.439418] pci 0000:00:16.2: PCI bridge to [bus 0d]
Feb  4 16:40:09 cu-cs-vm kernel: [    0.439584] pci 0000:00:16.2:   bridge window [io  0xd000-0xdfff]
Feb  4 16:40:09 cu-cs-vm kernel: [    0.439613] pci 0000:00:16.2:   bridge window [mem 0xfcb00000-0xfcbfffff]
Feb  4 16:40:09 cu-cs-vm kernel: [    0.439675] pci 0000:00:16.2:   bridge window [mem 0xe7100000-0xe71fffff 64bit pref]
Feb  4 16:40:09 cu-cs-vm kernel: [    0.440353] pci 0000:00:16.3: PCI bridge to [bus 0e]
Feb  4 16:40:09 cu-cs-vm kernel: [    0.440516] pci 0000:00:16.3:   bridge window [mem 0xfc700000-0xfc7fffff]
Feb  4 16:40:09 cu-cs-vm kernel: [    0.440568] pci 0000:00:16.3:   bridge window [mem 0xe6d00000-0xe6dfffff 64bit pref]
Feb  4 16:40:09 cu-cs-vm kernel: [    0.440963] pci 0000:00:16.4: PCI bridge to [bus 0f]
Feb  4 16:40:09 cu-cs-vm kernel: [    0.441149] pci 0000:00:16.4:   bridge window [mem 0xfc300000-0xfc3fffff]
Feb  4 16:40:09 cu-cs-vm kernel: [    0.441201] pci 0000:00:16.4:   bridge window [mem 0xe6900000-0xe69fffff 64bit pref]
Feb  4 16:40:09 cu-cs-vm kernel: [    0.441626] pci 0000:00:16.5: PCI bridge to [bus 10]
Feb  4 16:40:09 cu-cs-vm kernel: [    0.441786] pci 0000:00:16.5:   bridge window [mem 0xfbf00000-0xfbffffff]
Feb  4 16:40:09 cu-cs-vm kernel: [    0.441838] pci 0000:00:16.5:   bridge window [mem 0xe6500000-0xe65fffff 64bit pref]
Feb  4 16:40:09 cu-cs-vm kernel: [    0.442297] pci 0000:00:16.6: PCI bridge to [bus 11]
Feb  4 16:40:09 cu-cs-vm kernel: [    0.442457] pci 0000:00:16.6:   bridge window [mem 0xfbb00000-0xfbbfffff]
Feb  4 16:40:09 cu-cs-vm kernel: [    0.442509] pci 0000:00:16.6:   bridge window [mem 0xe6100000-0xe61fffff 64bit pref]
Feb  4 16:40:09 cu-cs-vm kernel: [    0.442933] pci 0000:00:16.7: PCI bridge to [bus 12]
Feb  4 16:40:09 cu-cs-vm kernel: [    0.443114] pci 0000:00:16.7:   bridge window [mem 0xfb700000-0xfb7fffff]
Feb  4 16:40:09 cu-cs-vm kernel: [    0.443168] pci 0000:00:16.7:   bridge window [mem 0xe5d00000-0xe5dfffff 64bit pref]
Feb  4 16:40:09 cu-cs-vm kernel: [    0.443967] pci 0000:00:17.0: PCI bridge to [bus 13]
Feb  4 16:40:09 cu-cs-vm kernel: [    0.444050] pci 0000:00:17.0:   bridge window [io  0x6000-0x6fff]
Feb  4 16:40:09 cu-cs-vm kernel: [    0.444078] pci 0000:00:17.0:   bridge window [mem 0xfd200000-0xfd2fffff]
Feb  4 16:40:09 cu-cs-vm kernel: [    0.444131] pci 0000:00:17.0:   bridge window [mem 0xe7800000-0xe78fffff 64bit pref]
Feb  4 16:40:09 cu-cs-vm kernel: [    0.444851] pci 0000:00:17.1: PCI bridge to [bus 14]
Feb  4 16:40:09 cu-cs-vm kernel: [    0.444997] pci 0000:00:17.1:   bridge window [io  0xa000-0xafff]
Feb  4 16:40:09 cu-cs-vm kernel: [    0.445025] pci 0000:00:17.1:   bridge window [mem 0xfce00000-0xfcefffff]
Feb  4 16:40:09 cu-cs-vm kernel: [    0.445076] pci 0000:00:17.1:   bridge window [mem 0xe7400000-0xe74fffff 64bit pref]
Feb  4 16:40:09 cu-cs-vm kernel: [    0.445529] pci 0000:00:17.2: PCI bridge to [bus 15]
Feb  4 16:40:09 cu-cs-vm kernel: [    0.445664] pci 0000:00:17.2:   bridge window [io  0xe000-0xefff]
Feb  4 16:40:09 cu-cs-vm kernel: [    0.445691] pci 0000:00:17.2:   bridge window [mem 0xfca00000-0xfcafffff]
Feb  4 16:40:09 cu-cs-vm kernel: [    0.445743] pci 0000:00:17.2:   bridge window [mem 0xe7000000-0xe70fffff 64bit pref]
Feb  4 16:40:09 cu-cs-vm kernel: [    0.446137] pci 0000:00:17.3: PCI bridge to [bus 16]
Feb  4 16:40:09 cu-cs-vm kernel: [    0.447786] pci 0000:00:17.3:   bridge window [mem 0xfc600000-0xfc6fffff]
Feb  4 16:40:09 cu-cs-vm kernel: [    0.447838] pci 0000:00:17.3:   bridge window [mem 0xe6c00000-0xe6cfffff 64bit pref]
Feb  4 16:40:09 cu-cs-vm kernel: [    0.448307] pci 0000:00:17.4: PCI bridge to [bus 17]
Feb  4 16:40:09 cu-cs-vm kernel: [    0.448470] pci 0000:00:17.4:   bridge window [mem 0xfc200000-0xfc2fffff]
Feb  4 16:40:09 cu-cs-vm kernel: [    0.448520] pci 0000:00:17.4:   bridge window [mem 0xe6800000-0xe68fffff 64bit pref]
Feb  4 16:40:09 cu-cs-vm kernel: [    0.448942] pci 0000:00:17.5: PCI bridge to [bus 18]
Feb  4 16:40:09 cu-cs-vm kernel: [    0.449102] pci 0000:00:17.5:   bridge window [mem 0xfbe00000-0xfbefffff]
Feb  4 16:40:09 cu-cs-vm kernel: [    0.449154] pci 0000:00:17.5:   bridge window [mem 0xe6400000-0xe64fffff 64bit pref]
Feb  4 16:40:09 cu-cs-vm kernel: [    0.449551] pci 0000:00:17.6: PCI bridge to [bus 19]
Feb  4 16:40:09 cu-cs-vm kernel: [    0.449711] pci 0000:00:17.6:   bridge window [mem 0xfba00000-0xfbafffff]
Feb  4 16:40:09 cu-cs-vm kernel: [    0.449763] pci 0000:00:17.6:   bridge window [mem 0xe6000000-0xe60fffff 64bit pref]
Feb  4 16:40:09 cu-cs-vm kernel: [    0.450230] pci 0000:00:17.7: PCI bridge to [bus 1a]
Feb  4 16:40:09 cu-cs-vm kernel: [    0.450390] pci 0000:00:17.7:   bridge window [mem 0xfb600000-0xfb6fffff]
Feb  4 16:40:09 cu-cs-vm kernel: [    0.450442] pci 0000:00:17.7:   bridge window [mem 0xe5c00000-0xe5cfffff 64bit pref]
Feb  4 16:40:09 cu-cs-vm kernel: [    0.450879] pci 0000:00:18.0: PCI bridge to [bus 1b]
Feb  4 16:40:09 cu-cs-vm kernel: [    0.451027] pci 0000:00:18.0:   bridge window [io  0x7000-0x7fff]
Feb  4 16:40:09 cu-cs-vm kernel: [    0.451064] pci 0000:00:18.0:   bridge window [mem 0xfd100000-0xfd1fffff]
Feb  4 16:40:09 cu-cs-vm kernel: [    0.451132] pci 0000:00:18.0:   bridge window [mem 0xe7700000-0xe77fffff 64bit pref]
Feb  4 16:40:09 cu-cs-vm kernel: [    0.451758] pci 0000:00:18.1: PCI bridge to [bus 1c]
Feb  4 16:40:09 cu-cs-vm kernel: [    0.451952] pci 0000:00:18.1:   bridge window [io  0xb000-0xbfff]
Feb  4 16:40:09 cu-cs-vm kernel: [    0.451988] pci 0000:00:18.1:   bridge window [mem 0xfcd00000-0xfcdfffff]
Feb  4 16:40:09 cu-cs-vm kernel: [    0.452062] pci 0000:00:18.1:   bridge window [mem 0xe7300000-0xe73fffff 64bit pref]
Feb  4 16:40:09 cu-cs-vm kernel: [    0.452706] pci 0000:00:18.2: PCI bridge to [bus 1d]
Feb  4 16:40:09 cu-cs-vm kernel: [    0.452961] pci 0000:00:18.2:   bridge window [mem 0xfc900000-0xfc9fffff]
Feb  4 16:40:09 cu-cs-vm kernel: [    0.453032] pci 0000:00:18.2:   bridge window [mem 0xe6f00000-0xe6ffffff 64bit pref]
Feb  4 16:40:09 cu-cs-vm kernel: [    0.453747] pci 0000:00:18.3: PCI bridge to [bus 1e]
Feb  4 16:40:09 cu-cs-vm kernel: [    0.453992] pci 0000:00:18.3:   bridge window [mem 0xfc500000-0xfc5fffff]
Feb  4 16:40:09 cu-cs-vm kernel: [    0.454066] pci 0000:00:18.3:   bridge window [mem 0xe6b00000-0xe6bfffff 64bit pref]
Feb  4 16:40:09 cu-cs-vm kernel: [    0.454782] pci 0000:00:18.4: PCI bridge to [bus 1f]
Feb  4 16:40:09 cu-cs-vm kernel: [    0.455007] pci 0000:00:18.4:   bridge window [mem 0xfc100000-0xfc1fffff]
Feb  4 16:40:09 cu-cs-vm kernel: [    0.455079] pci 0000:00:18.4:   bridge window [mem 0xe6700000-0xe67fffff 64bit pref]
Feb  4 16:40:09 cu-cs-vm kernel: [    0.455688] pci 0000:00:18.5: PCI bridge to [bus 20]
Feb  4 16:40:09 cu-cs-vm kernel: [    0.455867] pci 0000:00:18.5:   bridge window [mem 0xfbd00000-0xfbdfffff]
Feb  4 16:40:09 cu-cs-vm kernel: [    0.455918] pci 0000:00:18.5:   bridge window [mem 0xe6300000-0xe63fffff 64bit pref]
Feb  4 16:40:09 cu-cs-vm kernel: [    0.456326] pci 0000:00:18.6: PCI bridge to [bus 21]
Feb  4 16:40:09 cu-cs-vm kernel: [    0.456485] pci 0000:00:18.6:   bridge window [mem 0xfb900000-0xfb9fffff]
Feb  4 16:40:09 cu-cs-vm kernel: [    0.456536] pci 0000:00:18.6:   bridge window [mem 0xe5f00000-0xe5ffffff 64bit pref]
Feb  4 16:40:09 cu-cs-vm kernel: [    0.457021] pci 0000:00:18.7: PCI bridge to [bus 22]
Feb  4 16:40:09 cu-cs-vm kernel: [    0.457183] pci 0000:00:18.7:   bridge window [mem 0xfb500000-0xfb5fffff]
Feb  4 16:40:09 cu-cs-vm kernel: [    0.457235] pci 0000:00:18.7:   bridge window [mem 0xe5b00000-0xe5bfffff 64bit pref]
Feb  4 16:40:09 cu-cs-vm kernel: [    0.460625] ACPI: PCI Interrupt Link [LNKA] (IRQs 3 4 5 6 7 *9 10 11 14 15)
Feb  4 16:40:09 cu-cs-vm kernel: [    0.460975] ACPI: PCI Interrupt Link [LNKB] (IRQs 3 4 5 6 7 9 10 11 14 15) *0, disabled.
Feb  4 16:40:09 cu-cs-vm kernel: [    0.461263] ACPI: PCI Interrupt Link [LNKC] (IRQs 3 4 5 6 7 9 10 *11 14 15)
Feb  4 16:40:09 cu-cs-vm kernel: [    0.461485] ACPI: PCI Interrupt Link [LNKD] (IRQs 3 4 5 6 7 9 *10 11 14 15)
Feb  4 16:40:09 cu-cs-vm kernel: [    0.478848] SCSI subsystem initialized
Feb  4 16:40:09 cu-cs-vm kernel: [    0.479107] libata version 3.00 loaded.
Feb  4 16:40:09 cu-cs-vm kernel: [    0.479107] pci 0000:00:0f.0: vgaarb: setting as boot VGA device
Feb  4 16:40:09 cu-cs-vm kernel: [    0.479107] pci 0000:00:0f.0: vgaarb: VGA device added: decodes=io+mem,owns=io+mem,locks=none
Feb  4 16:40:09 cu-cs-vm kernel: [    0.479107] pci 0000:00:0f.0: vgaarb: bridge control possible
Feb  4 16:40:09 cu-cs-vm kernel: [    0.479107] vgaarb: loaded
Feb  4 16:40:09 cu-cs-vm kernel: [    0.479107] ACPI: bus type USB registered
Feb  4 16:40:09 cu-cs-vm kernel: [    0.480082] usbcore: registered new interface driver usbfs
Feb  4 16:40:09 cu-cs-vm kernel: [    0.480203] usbcore: registered new interface driver hub
Feb  4 16:40:09 cu-cs-vm kernel: [    0.480407] usbcore: registered new device driver usb
Feb  4 16:40:09 cu-cs-vm kernel: [    0.480731] EDAC MC: Ver: 3.0.0
Feb  4 16:40:09 cu-cs-vm kernel: [    0.482164] PCI: Using ACPI for IRQ routing
Feb  4 16:40:09 cu-cs-vm kernel: [    0.526895] PCI: pci_cache_line_size set to 64 bytes
Feb  4 16:40:09 cu-cs-vm kernel: [    0.528496] e820: reserve RAM buffer [mem 0x0009e800-0x0009ffff]
Feb  4 16:40:09 cu-cs-vm kernel: [    0.528500] e820: reserve RAM buffer [mem 0x7fee0000-0x7fffffff]
Feb  4 16:40:09 cu-cs-vm kernel: [    0.528761] NetLabel: Initializing
Feb  4 16:40:09 cu-cs-vm kernel: [    0.528894] NetLabel:  domain hash size = 128
Feb  4 16:40:09 cu-cs-vm kernel: [    0.529045] NetLabel:  protocols = UNLABELED CIPSOv4 CALIPSO
Feb  4 16:40:09 cu-cs-vm kernel: [    0.529411] NetLabel:  unlabeled traffic allowed by default
Feb  4 16:40:09 cu-cs-vm kernel: [    0.529624] clocksource: Switched to clocksource refined-jiffies
Feb  4 16:40:09 cu-cs-vm kernel: [    0.594190] VFS: Disk quotas dquot_6.6.0
Feb  4 16:40:09 cu-cs-vm kernel: [    0.594397] VFS: Dquot-cache hash table entries: 512 (order 0, 4096 bytes)
Feb  4 16:40:09 cu-cs-vm kernel: [    0.595221] AppArmor: AppArmor Filesystem Enabled
Feb  4 16:40:09 cu-cs-vm kernel: [    0.595420] pnp: PnP ACPI init
Feb  4 16:40:09 cu-cs-vm kernel: [    0.595821] system 00:00: [io  0x1000-0x103f] has been reserved
Feb  4 16:40:09 cu-cs-vm kernel: [    0.595944] system 00:00: [io  0x1040-0x104f] has been reserved
Feb  4 16:40:09 cu-cs-vm kernel: [    0.596032] system 00:00: [io  0x0cf0-0x0cf1] has been reserved
Feb  4 16:40:09 cu-cs-vm kernel: [    0.596155] system 00:00: Plug and Play ACPI device, IDs PNP0c02 (active)
Feb  4 16:40:09 cu-cs-vm kernel: [    0.596320] pnp 00:01: Plug and Play ACPI device, IDs PNP0b00 (active)
Feb  4 16:40:09 cu-cs-vm kernel: [    0.596352] pnp 00:02: Plug and Play ACPI device, IDs PNP0303 (active)
Feb  4 16:40:09 cu-cs-vm kernel: [    0.596375] pnp 00:03: Plug and Play ACPI device, IDs VMW0003 PNP0f13 (active)
Feb  4 16:40:09 cu-cs-vm kernel: [    0.598968] system 00:04: [io  0xfce0-0xfcff] has been reserved
Feb  4 16:40:09 cu-cs-vm kernel: [    0.599102] system 00:04: [mem 0xf0000000-0xf7ffffff] has been reserved
Feb  4 16:40:09 cu-cs-vm kernel: [    0.599223] system 00:04: [mem 0xfe800000-0xfe9fffff] has been reserved
Feb  4 16:40:09 cu-cs-vm kernel: [    0.599345] system 00:04: Plug and Play ACPI device, IDs PNP0c02 (active)
Feb  4 16:40:09 cu-cs-vm kernel: [    0.606366] pnp: PnP ACPI: found 5 devices
Feb  4 16:40:09 cu-cs-vm kernel: [    0.621256] clocksource: acpi_pm: mask: 0xffffff max_cycles: 0xffffff, max_idle_ns: 2085701024 ns
Feb  4 16:40:09 cu-cs-vm kernel: [    0.621774] clocksource: Switched to clocksource acpi_pm
Feb  4 16:40:09 cu-cs-vm kernel: [    0.622494] pci 0000:00:15.3: bridge window [io  0x1000-0x0fff] to [bus 06] add_size 1000
Feb  4 16:40:09 cu-cs-vm kernel: [    0.622595] pci 0000:00:15.4: bridge window [io  0x1000-0x0fff] to [bus 07] add_size 1000
Feb  4 16:40:09 cu-cs-vm kernel: [    0.622701] pci 0000:00:15.5: bridge window [io  0x1000-0x0fff] to [bus 08] add_size 1000
Feb  4 16:40:09 cu-cs-vm kernel: [    0.622808] pci 0000:00:15.6: bridge window [io  0x1000-0x0fff] to [bus 09] add_size 1000
Feb  4 16:40:09 cu-cs-vm kernel: [    0.623510] pci 0000:00:15.7: bridge window [io  0x1000-0x0fff] to [bus 0a] add_size 1000
Feb  4 16:40:09 cu-cs-vm kernel: [    0.623812] pci 0000:00:16.3: bridge window [io  0x1000-0x0fff] to [bus 0e] add_size 1000
Feb  4 16:40:09 cu-cs-vm kernel: [    0.623891] pci 0000:00:16.4: bridge window [io  0x1000-0x0fff] to [bus 0f] add_size 1000
Feb  4 16:40:09 cu-cs-vm kernel: [    0.623969] pci 0000:00:16.5: bridge window [io  0x1000-0x0fff] to [bus 10] add_size 1000
Feb  4 16:40:09 cu-cs-vm kernel: [    0.623969] pci 0000:00:16.6: bridge window [io  0x1000-0x0fff] to [bus 11] add_size 1000
Feb  4 16:40:09 cu-cs-vm kernel: [    0.623969] pci 0000:00:16.7: bridge window [io  0x1000-0x0fff] to [bus 12] add_size 1000
Feb  4 16:40:09 cu-cs-vm kernel: [    0.623969] pci 0000:00:17.3: bridge window [io  0x1000-0x0fff] to [bus 16] add_size 1000
Feb  4 16:40:09 cu-cs-vm kernel: [    0.623969] pci 0000:00:17.4: bridge window [io  0x1000-0x0fff] to [bus 17] add_size 1000
Feb  4 16:40:09 cu-cs-vm kernel: [    0.623969] pci 0000:00:17.5: bridge window [io  0x1000-0x0fff] to [bus 18] add_size 1000
Feb  4 16:40:09 cu-cs-vm kernel: [    0.623969] pci 0000:00:17.6: bridge window [io  0x1000-0x0fff] to [bus 19] add_size 1000
Feb  4 16:40:09 cu-cs-vm kernel: [    0.623969] pci 0000:00:17.7: bridge window [io  0x1000-0x0fff] to [bus 1a] add_size 1000
Feb  4 16:40:09 cu-cs-vm kernel: [    0.623969] pci 0000:00:18.2: bridge window [io  0x1000-0x0fff] to [bus 1d] add_size 1000
Feb  4 16:40:09 cu-cs-vm kernel: [    0.623969] pci 0000:00:18.3: bridge window [io  0x1000-0x0fff] to [bus 1e] add_size 1000
Feb  4 16:40:09 cu-cs-vm kernel: [    0.623969] pci 0000:00:18.4: bridge window [io  0x1000-0x0fff] to [bus 1f] add_size 1000
Feb  4 16:40:09 cu-cs-vm kernel: [    0.623969] pci 0000:00:18.5: bridge window [io  0x1000-0x0fff] to [bus 20] add_size 1000
Feb  4 16:40:09 cu-cs-vm kernel: [    0.623969] pci 0000:00:18.6: bridge window [io  0x1000-0x0fff] to [bus 21] add_size 1000
Feb  4 16:40:09 cu-cs-vm kernel: [    0.623969] pci 0000:00:18.7: bridge window [io  0x1000-0x0fff] to [bus 22] add_size 1000
Feb  4 16:40:09 cu-cs-vm kernel: [    0.623969] pci 0000:00:0f.0: BAR 6: assigned [mem 0xc0000000-0xc0007fff pref]
Feb  4 16:40:09 cu-cs-vm kernel: [    0.624269] pci 0000:00:15.3: BAR 13: no space for [io  size 0x1000]
Feb  4 16:40:09 cu-cs-vm kernel: [    0.624388] pci 0000:00:15.3: BAR 13: failed to assign [io  size 0x1000]
